<!doctype html public "-//w3c//dtd html 4.0 transitional//en">
<html><head>
<title>Static Call Graph - [.\build\rtthread-stm32f2xx.axf]</title></head>
<body><HR>
<H1>Static Call Graph for image .\build\rtthread-stm32f2xx.axf</H1><HR>
<BR><P>#&#060CALLGRAPH&#062# ARM Linker, 5050106: Last Updated: Tue Mar 17 09:44:14 2015
<BR><P>
<H3>Maximum Stack Usage =          0 bytes + Unknown(Cycles, Untraceable Function Pointers)</H3><H3>
Call chain for Maximum Stack Depth:</H3>

<P>
<H3>
Mutually Recursive functions
</H3> <LI><a href="#[e8]">NMI_Handler</a>&nbsp;&nbsp;&nbsp;&rArr;&nbsp;&nbsp;&nbsp;<a href="#[e8]">NMI_Handler</a><BR>
 <LI><a href="#[ea]">MemManage_Handler</a>&nbsp;&nbsp;&nbsp;&rArr;&nbsp;&nbsp;&nbsp;<a href="#[ea]">MemManage_Handler</a><BR>
 <LI><a href="#[eb]">BusFault_Handler</a>&nbsp;&nbsp;&nbsp;&rArr;&nbsp;&nbsp;&nbsp;<a href="#[eb]">BusFault_Handler</a><BR>
 <LI><a href="#[ec]">UsageFault_Handler</a>&nbsp;&nbsp;&nbsp;&rArr;&nbsp;&nbsp;&nbsp;<a href="#[ec]">UsageFault_Handler</a><BR>
 <LI><a href="#[ed]">SVC_Handler</a>&nbsp;&nbsp;&nbsp;&rArr;&nbsp;&nbsp;&nbsp;<a href="#[ed]">SVC_Handler</a><BR>
 <LI><a href="#[ee]">DebugMon_Handler</a>&nbsp;&nbsp;&nbsp;&rArr;&nbsp;&nbsp;&nbsp;<a href="#[ee]">DebugMon_Handler</a><BR>
 <LI><a href="#[103]">ADC_IRQHandler</a>&nbsp;&nbsp;&nbsp;&rArr;&nbsp;&nbsp;&nbsp;<a href="#[103]">ADC_IRQHandler</a><BR>
 <LI><a href="#[1e0]">reset</a>&nbsp;&nbsp;&nbsp;&rArr;&nbsp;&nbsp;&nbsp;<a href="#[299]">rt_kprintf</a><BR>
 <LI><a href="#[1dc]">sd_write_console</a>&nbsp;&nbsp;&nbsp;&rArr;&nbsp;&nbsp;&nbsp;<a href="#[299]">rt_kprintf</a><BR>
 <LI><a href="#[27b]">rt_sem_take</a>&nbsp;&nbsp;&nbsp;&rArr;&nbsp;&nbsp;&nbsp;<a href="#[1e0]">reset</a><BR>
 <LI><a href="#[566]">rt_timer_start</a>&nbsp;&nbsp;&nbsp;&rArr;&nbsp;&nbsp;&nbsp;<a href="#[1e0]">reset</a><BR>
 <LI><a href="#[5cf]">rt_thread_resume</a>&nbsp;&nbsp;&nbsp;&rArr;&nbsp;&nbsp;&nbsp;<a href="#[1e0]">reset</a><BR>
 <LI><a href="#[5df]">rt_schedule_insert_thread</a>&nbsp;&nbsp;&nbsp;&rArr;&nbsp;&nbsp;&nbsp;<a href="#[1e0]">reset</a><BR>
 <LI><a href="#[40e]">_rt_scheduler_stack_check</a>&nbsp;&nbsp;&nbsp;&rArr;&nbsp;&nbsp;&nbsp;<a href="#[1e0]">reset</a><BR>
 <LI><a href="#[409]">_list_thread</a>&nbsp;&nbsp;&nbsp;&rArr;&nbsp;&nbsp;&nbsp;<a href="#[299]">rt_kprintf</a><BR>
 <LI><a href="#[5d4]">rt_timer_control</a>&nbsp;&nbsp;&nbsp;&rArr;&nbsp;&nbsp;&nbsp;<a href="#[1e0]">reset</a><BR>
 <LI><a href="#[5d1]">rt_thread_suspend</a>&nbsp;&nbsp;&nbsp;&rArr;&nbsp;&nbsp;&nbsp;<a href="#[1e0]">reset</a><BR>
 <LI><a href="#[5e0]">rt_schedule_remove_thread</a>&nbsp;&nbsp;&nbsp;&rArr;&nbsp;&nbsp;&nbsp;<a href="#[1e0]">reset</a><BR>
 <LI><a href="#[1db]">sd_write</a>&nbsp;&nbsp;&nbsp;&rArr;&nbsp;&nbsp;&nbsp;<a href="#[299]">rt_kprintf</a><BR>
 <LI><a href="#[4bc]">disk_write_USB</a>&nbsp;&nbsp;&nbsp;&rArr;&nbsp;&nbsp;&nbsp;<a href="#[360]">rt_device_write</a><BR>
 <LI><a href="#[2d5]">rt_device_read</a>&nbsp;&nbsp;&nbsp;&rArr;&nbsp;&nbsp;&nbsp;<a href="#[1e0]">reset</a><BR>
 <LI><a href="#[4b5]">rt_device_control</a>&nbsp;&nbsp;&nbsp;&rArr;&nbsp;&nbsp;&nbsp;<a href="#[1e0]">reset</a><BR>
 <LI><a href="#[360]">rt_device_write</a>&nbsp;&nbsp;&nbsp;&rArr;&nbsp;&nbsp;&nbsp;<a href="#[299]">rt_kprintf</a><BR>
 <LI><a href="#[5a5]">proc_expr</a>&nbsp;&nbsp;&nbsp;&rArr;&nbsp;&nbsp;&nbsp;<a href="#[5a0]">proc_assign_expr</a><BR>
 <LI><a href="#[5a7]">proc_postfix_expr</a>&nbsp;&nbsp;&nbsp;&rArr;&nbsp;&nbsp;&nbsp;<a href="#[5a0]">proc_assign_expr</a><BR>
 <LI><a href="#[5a4]">proc_unary_expr</a>&nbsp;&nbsp;&nbsp;&rArr;&nbsp;&nbsp;&nbsp;<a href="#[5a2]">proc_cast_expr</a><BR>
 <LI><a href="#[5a2]">proc_cast_expr</a>&nbsp;&nbsp;&nbsp;&rArr;&nbsp;&nbsp;&nbsp;<a href="#[5a2]">proc_cast_expr</a><BR>
 <LI><a href="#[5a0]">proc_assign_expr</a>&nbsp;&nbsp;&nbsp;&rArr;&nbsp;&nbsp;&nbsp;<a href="#[5a0]">proc_assign_expr</a><BR>
 <LI><a href="#[4e8]">finsh_type_check</a>&nbsp;&nbsp;&nbsp;&rArr;&nbsp;&nbsp;&nbsp;<a href="#[4e8]">finsh_type_check</a><BR>
 <LI><a href="#[4e5]">finsh_compile</a>&nbsp;&nbsp;&nbsp;&rArr;&nbsp;&nbsp;&nbsp;<a href="#[4e5]">finsh_compile</a><BR>
 <LI><a href="#[2dd]">GB_OUT_data</a>&nbsp;&nbsp;&nbsp;&rArr;&nbsp;&nbsp;&nbsp;<a href="#[2dd]">GB_OUT_data</a><BR>
 <LI><a href="#[199]">rt_thread_timer_entry</a>&nbsp;&nbsp;&nbsp;&rArr;&nbsp;&nbsp;&nbsp;<a href="#[199]">rt_thread_timer_entry</a><BR>
</UL>
<P>
<H3>
Function Pointers
</H3><UL>
 <LI><a href="#[103]">ADC_IRQHandler</a> from startup_stm32f2xx.o(.text) referenced from startup_stm32f2xx.o(RESET)
 <LI><a href="#[1f5]">AnglPoint2Point</a> from jt808_area.o(i.AnglPoint2Point) referenced from jt808_area.o(FSymTab)
 <LI><a href="#[eb]">BusFault_Handler</a> from startup_stm32f2xx.o(.text) referenced from startup_stm32f2xx.o(RESET)
 <LI><a href="#[105]">CAN1_RX0_IRQHandler</a> from can.o(i.CAN1_RX0_IRQHandler) referenced from startup_stm32f2xx.o(RESET)
 <LI><a href="#[106]">CAN1_RX1_IRQHandler</a> from startup_stm32f2xx.o(.text) referenced from startup_stm32f2xx.o(RESET)
 <LI><a href="#[107]">CAN1_SCE_IRQHandler</a> from startup_stm32f2xx.o(.text) referenced from startup_stm32f2xx.o(RESET)
 <LI><a href="#[104]">CAN1_TX_IRQHandler</a> from startup_stm32f2xx.o(.text) referenced from startup_stm32f2xx.o(RESET)
 <LI><a href="#[131]">CAN2_RX0_IRQHandler</a> from startup_stm32f2xx.o(.text) referenced from startup_stm32f2xx.o(RESET)
 <LI><a href="#[132]">CAN2_RX1_IRQHandler</a> from startup_stm32f2xx.o(.text) referenced from startup_stm32f2xx.o(RESET)
 <LI><a href="#[133]">CAN2_SCE_IRQHandler</a> from startup_stm32f2xx.o(.text) referenced from startup_stm32f2xx.o(RESET)
 <LI><a href="#[130]">CAN2_TX_IRQHandler</a> from startup_stm32f2xx.o(.text) referenced from startup_stm32f2xx.o(RESET)
 <LI><a href="#[140]">CRYP_IRQHandler</a> from startup_stm32f2xx.o(.text) referenced from startup_stm32f2xx.o(RESET)
 <LI><a href="#[224]">Cam_get_All_pic</a> from camera.o(i.Cam_get_All_pic) referenced from camera.o(FSymTab)
 <LI><a href="#[14a]">Cam_jt808_0x0800_response</a> from jt808_camera.o(i.Cam_jt808_0x0800_response) referenced from jt808_camera.o(i.Cam_jt808_0x0800_ex)
 <LI><a href="#[14c]">Cam_jt808_0x0801_response</a> from jt808_camera.o(i.Cam_jt808_0x0801_response) referenced from jt808_camera.o(i.Cam_jt808_0x0801)
 <LI><a href="#[14b]">Cam_jt808_timeout</a> from jt808_camera.o(i.Cam_jt808_timeout) referenced from jt808_camera.o(i.Cam_jt808_0x0800_ex)
 <LI><a href="#[14b]">Cam_jt808_timeout</a> from jt808_camera.o(i.Cam_jt808_timeout) referenced from jt808_camera.o(i.Cam_jt808_0x0801)
 <LI><a href="#[223]">Cam_takepic</a> from camera.o(i.Cam_takepic) referenced from camera.o(FSymTab)
 <LI><a href="#[222]">Cam_takepic_ex</a> from camera.o(i.Cam_takepic_ex) referenced from camera.o(FSymTab)
 <LI><a href="#[13f]">DCMI_IRQHandler</a> from startup_stm32f2xx.o(.text) referenced from startup_stm32f2xx.o(RESET)
 <LI><a href="#[fc]">DMA1_Stream0_IRQHandler</a> from startup_stm32f2xx.o(.text) referenced from startup_stm32f2xx.o(RESET)
 <LI><a href="#[fd]">DMA1_Stream1_IRQHandler</a> from startup_stm32f2xx.o(.text) referenced from startup_stm32f2xx.o(RESET)
 <LI><a href="#[fe]">DMA1_Stream2_IRQHandler</a> from startup_stm32f2xx.o(.text) referenced from startup_stm32f2xx.o(RESET)
 <LI><a href="#[ff]">DMA1_Stream3_IRQHandler</a> from startup_stm32f2xx.o(.text) referenced from startup_stm32f2xx.o(RESET)
 <LI><a href="#[100]">DMA1_Stream4_IRQHandler</a> from startup_stm32f2xx.o(.text) referenced from startup_stm32f2xx.o(RESET)
 <LI><a href="#[101]">DMA1_Stream5_IRQHandler</a> from startup_stm32f2xx.o(.text) referenced from startup_stm32f2xx.o(RESET)
 <LI><a href="#[102]">DMA1_Stream6_IRQHandler</a> from startup_stm32f2xx.o(.text) referenced from startup_stm32f2xx.o(RESET)
 <LI><a href="#[120]">DMA1_Stream7_IRQHandler</a> from startup_stm32f2xx.o(.text) referenced from startup_stm32f2xx.o(RESET)
 <LI><a href="#[129]">DMA2_Stream0_IRQHandler</a> from startup_stm32f2xx.o(.text) referenced from startup_stm32f2xx.o(RESET)
 <LI><a href="#[12a]">DMA2_Stream1_IRQHandler</a> from startup_stm32f2xx.o(.text) referenced from startup_stm32f2xx.o(RESET)
 <LI><a href="#[12b]">DMA2_Stream2_IRQHandler</a> from startup_stm32f2xx.o(.text) referenced from startup_stm32f2xx.o(RESET)
 <LI><a href="#[12c]">DMA2_Stream3_IRQHandler</a> from startup_stm32f2xx.o(.text) referenced from startup_stm32f2xx.o(RESET)
 <LI><a href="#[12d]">DMA2_Stream4_IRQHandler</a> from startup_stm32f2xx.o(.text) referenced from startup_stm32f2xx.o(RESET)
 <LI><a href="#[135]">DMA2_Stream5_IRQHandler</a> from startup_stm32f2xx.o(.text) referenced from startup_stm32f2xx.o(RESET)
 <LI><a href="#[136]">DMA2_Stream6_IRQHandler</a> from startup_stm32f2xx.o(.text) referenced from startup_stm32f2xx.o(RESET)
 <LI><a href="#[137]">DMA2_Stream7_IRQHandler</a> from startup_stm32f2xx.o(.text) referenced from startup_stm32f2xx.o(RESET)
 <LI><a href="#[ee]">DebugMon_Handler</a> from startup_stm32f2xx.o(.text) referenced from startup_stm32f2xx.o(RESET)
 <LI><a href="#[12e]">ETH_IRQHandler</a> from startup_stm32f2xx.o(.text) referenced from startup_stm32f2xx.o(RESET)
 <LI><a href="#[12f]">ETH_WKUP_IRQHandler</a> from startup_stm32f2xx.o(.text) referenced from startup_stm32f2xx.o(RESET)
 <LI><a href="#[f7]">EXTI0_IRQHandler</a> from startup_stm32f2xx.o(.text) referenced from startup_stm32f2xx.o(RESET)
 <LI><a href="#[119]">EXTI15_10_IRQHandler</a> from startup_stm32f2xx.o(.text) referenced from startup_stm32f2xx.o(RESET)
 <LI><a href="#[f8]">EXTI1_IRQHandler</a> from startup_stm32f2xx.o(.text) referenced from startup_stm32f2xx.o(RESET)
 <LI><a href="#[f9]">EXTI2_IRQHandler</a> from startup_stm32f2xx.o(.text) referenced from startup_stm32f2xx.o(RESET)
 <LI><a href="#[fa]">EXTI3_IRQHandler</a> from startup_stm32f2xx.o(.text) referenced from startup_stm32f2xx.o(RESET)
 <LI><a href="#[fb]">EXTI4_IRQHandler</a> from startup_stm32f2xx.o(.text) referenced from startup_stm32f2xx.o(RESET)
 <LI><a href="#[108]">EXTI9_5_IRQHandler</a> from mma8451.o(i.EXTI9_5_IRQHandler) referenced from startup_stm32f2xx.o(RESET)
 <LI><a href="#[f5]">FLASH_IRQHandler</a> from startup_stm32f2xx.o(.text) referenced from startup_stm32f2xx.o(RESET)
 <LI><a href="#[121]">FSMC_IRQHandler</a> from startup_stm32f2xx.o(.text) referenced from startup_stm32f2xx.o(RESET)
 <LI><a href="#[141]">HASH_RNG_IRQHandler</a> from startup_stm32f2xx.o(.text) referenced from startup_stm32f2xx.o(RESET)
 <LI><a href="#[e9]">HardFault_Handler</a> from context_rvds.o(.text) referenced from startup_stm32f2xx.o(RESET)
 <LI><a href="#[111]">I2C1_ER_IRQHandler</a> from startup_stm32f2xx.o(.text) referenced from startup_stm32f2xx.o(RESET)
 <LI><a href="#[110]">I2C1_EV_IRQHandler</a> from startup_stm32f2xx.o(.text) referenced from startup_stm32f2xx.o(RESET)
 <LI><a href="#[113]">I2C2_ER_IRQHandler</a> from startup_stm32f2xx.o(.text) referenced from startup_stm32f2xx.o(RESET)
 <LI><a href="#[112]">I2C2_EV_IRQHandler</a> from startup_stm32f2xx.o(.text) referenced from startup_stm32f2xx.o(RESET)
 <LI><a href="#[13a]">I2C3_ER_IRQHandler</a> from startup_stm32f2xx.o(.text) referenced from startup_stm32f2xx.o(RESET)
 <LI><a href="#[139]">I2C3_EV_IRQHandler</a> from startup_stm32f2xx.o(.text) referenced from startup_stm32f2xx.o(RESET)
 <LI><a href="#[24b]">Lcd_write</a> from large_lcd.o(i.Lcd_write) referenced from large_lcd.o(FSymTab)
 <LI><a href="#[ea]">MemManage_Handler</a> from startup_stm32f2xx.o(.text) referenced from startup_stm32f2xx.o(RESET)
 <LI><a href="#[e8]">NMI_Handler</a> from startup_stm32f2xx.o(.text) referenced from startup_stm32f2xx.o(RESET)
 <LI><a href="#[1ab]">OP_add_byte</a> from finsh_ops.o(i.OP_add_byte) referenced from finsh_ops.o(.constdata)
 <LI><a href="#[1ad]">OP_add_dword</a> from finsh_ops.o(i.OP_add_dword) referenced from finsh_ops.o(.constdata)
 <LI><a href="#[1ac]">OP_add_word</a> from finsh_ops.o(i.OP_add_word) referenced from finsh_ops.o(.constdata)
 <LI><a href="#[1ba]">OP_and_byte</a> from finsh_ops.o(i.OP_and_byte) referenced from finsh_ops.o(.constdata)
 <LI><a href="#[1bc]">OP_and_dword</a> from finsh_ops.o(i.OP_and_dword) referenced from finsh_ops.o(.constdata)
 <LI><a href="#[1bb]">OP_and_word</a> from finsh_ops.o(i.OP_and_word) referenced from finsh_ops.o(.constdata)
 <LI><a href="#[1c3]">OP_bw_byte</a> from finsh_ops.o(i.OP_bw_byte) referenced from finsh_ops.o(.constdata)
 <LI><a href="#[1c5]">OP_bw_dword</a> from finsh_ops.o(i.OP_bw_dword) referenced from finsh_ops.o(.constdata)
 <LI><a href="#[1c4]">OP_bw_word</a> from finsh_ops.o(i.OP_bw_word) referenced from finsh_ops.o(.constdata)
 <LI><a href="#[1d6]">OP_call</a> from finsh_ops.o(i.OP_call) referenced from finsh_ops.o(.constdata)
 <LI><a href="#[1b1]">OP_div_byte</a> from finsh_ops.o(i.OP_div_byte) referenced from finsh_ops.o(.constdata)
 <LI><a href="#[1b3]">OP_div_dword</a> from finsh_ops.o(i.OP_div_dword) referenced from finsh_ops.o(.constdata)
 <LI><a href="#[1b2]">OP_div_word</a> from finsh_ops.o(i.OP_div_word) referenced from finsh_ops.o(.constdata)
 <LI><a href="#[1cc]">OP_ld_byte</a> from finsh_ops.o(i.OP_ld_byte) referenced from finsh_ops.o(.constdata)
 <LI><a href="#[1ce]">OP_ld_dword</a> from finsh_ops.o(i.OP_ld_dword) referenced from finsh_ops.o(.constdata)
 <LI><a href="#[1cf]">OP_ld_value_byte</a> from finsh_ops.o(i.OP_ld_value_byte) referenced from finsh_ops.o(.constdata)
 <LI><a href="#[1d7]">OP_ld_value_byte_stack</a> from finsh_ops.o(i.OP_ld_value_byte_stack) referenced from finsh_ops.o(.constdata)
 <LI><a href="#[1d1]">OP_ld_value_dword</a> from finsh_ops.o(i.OP_ld_value_dword) referenced from finsh_ops.o(.constdata)
 <LI><a href="#[1d9]">OP_ld_value_dword_stack</a> from finsh_ops.o(i.OP_ld_value_dword_stack) referenced from finsh_ops.o(.constdata)
 <LI><a href="#[1d0]">OP_ld_value_word</a> from finsh_ops.o(i.OP_ld_value_word) referenced from finsh_ops.o(.constdata)
 <LI><a href="#[1d8]">OP_ld_value_word_stack</a> from finsh_ops.o(i.OP_ld_value_word_stack) referenced from finsh_ops.o(.constdata)
 <LI><a href="#[1cd]">OP_ld_word</a> from finsh_ops.o(i.OP_ld_word) referenced from finsh_ops.o(.constdata)
 <LI><a href="#[1b4]">OP_mod_byte</a> from finsh_ops.o(i.OP_mod_byte) referenced from finsh_ops.o(.constdata)
 <LI><a href="#[1b6]">OP_mod_dword</a> from finsh_ops.o(i.OP_mod_dword) referenced from finsh_ops.o(.constdata)
 <LI><a href="#[1b5]">OP_mod_word</a> from finsh_ops.o(i.OP_mod_word) referenced from finsh_ops.o(.constdata)
 <LI><a href="#[1b7]">OP_mul_byte</a> from finsh_ops.o(i.OP_mul_byte) referenced from finsh_ops.o(.constdata)
 <LI><a href="#[1b9]">OP_mul_dword</a> from finsh_ops.o(i.OP_mul_dword) referenced from finsh_ops.o(.constdata)
 <LI><a href="#[1b8]">OP_mul_word</a> from finsh_ops.o(i.OP_mul_word) referenced from finsh_ops.o(.constdata)
 <LI><a href="#[1aa]">OP_no_op</a> from finsh_ops.o(i.OP_no_op) referenced from finsh_ops.o(.constdata)
 <LI><a href="#[1bd]">OP_or_byte</a> from finsh_ops.o(i.OP_or_byte) referenced from finsh_ops.o(.constdata)
 <LI><a href="#[1bf]">OP_or_dword</a> from finsh_ops.o(i.OP_or_dword) referenced from finsh_ops.o(.constdata)
 <LI><a href="#[1be]">OP_or_word</a> from finsh_ops.o(i.OP_or_word) referenced from finsh_ops.o(.constdata)
 <LI><a href="#[1d5]">OP_pop</a> from finsh_ops.o(i.OP_pop) referenced from finsh_ops.o(.constdata)
 <LI><a href="#[1c6]">OP_shl_byte</a> from finsh_ops.o(i.OP_shl_byte) referenced from finsh_ops.o(.constdata)
 <LI><a href="#[1c8]">OP_shl_dword</a> from finsh_ops.o(i.OP_shl_dword) referenced from finsh_ops.o(.constdata)
 <LI><a href="#[1c7]">OP_shl_word</a> from finsh_ops.o(i.OP_shl_word) referenced from finsh_ops.o(.constdata)
 <LI><a href="#[1c9]">OP_shr_byte</a> from finsh_ops.o(i.OP_shr_byte) referenced from finsh_ops.o(.constdata)
 <LI><a href="#[1cb]">OP_shr_dword</a> from finsh_ops.o(i.OP_shr_dword) referenced from finsh_ops.o(.constdata)
 <LI><a href="#[1ca]">OP_shr_word</a> from finsh_ops.o(i.OP_shr_word) referenced from finsh_ops.o(.constdata)
 <LI><a href="#[1d2]">OP_st_byte</a> from finsh_ops.o(i.OP_st_byte) referenced from finsh_ops.o(.constdata)
 <LI><a href="#[1d4]">OP_st_dword</a> from finsh_ops.o(i.OP_st_dword) referenced from finsh_ops.o(.constdata)
 <LI><a href="#[1d3]">OP_st_word</a> from finsh_ops.o(i.OP_st_word) referenced from finsh_ops.o(.constdata)
 <LI><a href="#[1ae]">OP_sub_byte</a> from finsh_ops.o(i.OP_sub_byte) referenced from finsh_ops.o(.constdata)
 <LI><a href="#[1b0]">OP_sub_dword</a> from finsh_ops.o(i.OP_sub_dword) referenced from finsh_ops.o(.constdata)
 <LI><a href="#[1af]">OP_sub_word</a> from finsh_ops.o(i.OP_sub_word) referenced from finsh_ops.o(.constdata)
 <LI><a href="#[1c0]">OP_xor_byte</a> from finsh_ops.o(i.OP_xor_byte) referenced from finsh_ops.o(.constdata)
 <LI><a href="#[1c2]">OP_xor_dword</a> from finsh_ops.o(i.OP_xor_dword) referenced from finsh_ops.o(.constdata)
 <LI><a href="#[1c1]">OP_xor_word</a> from finsh_ops.o(i.OP_xor_word) referenced from finsh_ops.o(.constdata)
 <LI><a href="#[134]">OTG_FS_IRQHandler</a> from usb_bsp.o(i.OTG_FS_IRQHandler) referenced from startup_stm32f2xx.o(RESET)
 <LI><a href="#[11b]">OTG_FS_WKUP_IRQHandler</a> from startup_stm32f2xx.o(.text) referenced from startup_stm32f2xx.o(RESET)
 <LI><a href="#[13c]">OTG_HS_EP1_IN_IRQHandler</a> from startup_stm32f2xx.o(.text) referenced from startup_stm32f2xx.o(RESET)
 <LI><a href="#[13b]">OTG_HS_EP1_OUT_IRQHandler</a> from startup_stm32f2xx.o(.text) referenced from startup_stm32f2xx.o(RESET)
 <LI><a href="#[13e]">OTG_HS_IRQHandler</a> from startup_stm32f2xx.o(.text) referenced from startup_stm32f2xx.o(RESET)
 <LI><a href="#[13d]">OTG_HS_WKUP_IRQHandler</a> from startup_stm32f2xx.o(.text) referenced from startup_stm32f2xx.o(RESET)
 <LI><a href="#[f2]">PVD_IRQHandler</a> from startup_stm32f2xx.o(.text) referenced from startup_stm32f2xx.o(RESET)
 <LI><a href="#[ef]">PendSV_Handler</a> from context_rvds.o(.text) referenced from startup_stm32f2xx.o(RESET)
 <LI><a href="#[f6]">RCC_IRQHandler</a> from startup_stm32f2xx.o(.text) referenced from startup_stm32f2xx.o(RESET)
 <LI><a href="#[22d]">RS232_write</a> from rs232.o(i.RS232_write) referenced from rs232.o(FSymTab)
 <LI><a href="#[21d]">RS485_baud</a> from rs485.o(i.RS485_baud) referenced from rs485.o(FSymTab)
 <LI><a href="#[21f]">RS485_onoff</a> from rs485.o(i.RS485_onoff) referenced from rs485.o(FSymTab)
 <LI><a href="#[21e]">RS485_write</a> from rs485.o(i.RS485_write) referenced from rs485.o(FSymTab)
 <LI><a href="#[11a]">RTC_Alarm_IRQHandler</a> from startup_stm32f2xx.o(.text) referenced from startup_stm32f2xx.o(RESET)
 <LI><a href="#[f4]">RTC_WKUP_IRQHandler</a> from startup_stm32f2xx.o(.text) referenced from startup_stm32f2xx.o(RESET)
 <LI><a href="#[1df]">RX</a> from jt808.o(i.RX) referenced from jt808.o(FSymTab)
 <LI><a href="#[1de]">RX1</a> from jt808.o(i.RX1) referenced from jt808.o(FSymTab)
 <LI><a href="#[e7]">Reset_Handler</a> from startup_stm32f2xx.o(.text) referenced from startup_stm32f2xx.o(RESET)
 <LI><a href="#[122]">SDIO_IRQHandler</a> from startup_stm32f2xx.o(.text) referenced from startup_stm32f2xx.o(RESET)
 <LI><a href="#[114]">SPI1_IRQHandler</a> from startup_stm32f2xx.o(.text) referenced from startup_stm32f2xx.o(RESET)
 <LI><a href="#[115]">SPI2_IRQHandler</a> from startup_stm32f2xx.o(.text) referenced from startup_stm32f2xx.o(RESET)
 <LI><a href="#[124]">SPI3_IRQHandler</a> from startup_stm32f2xx.o(.text) referenced from startup_stm32f2xx.o(RESET)
 <LI><a href="#[ed]">SVC_Handler</a> from startup_stm32f2xx.o(.text) referenced from startup_stm32f2xx.o(RESET)
 <LI><a href="#[156]">Send_gb_vdr_jt808_0x0700_response</a> from jt808_gb19056.o(i.Send_gb_vdr_jt808_0x0700_response) referenced from jt808_gb19056.o(i.Send_gb_vdr_jt808_0x0700_creat)
 <LI><a href="#[157]">Send_gb_vdr_jt808_timeout</a> from jt808_gb19056.o(i.Send_gb_vdr_jt808_timeout) referenced from jt808_gb19056.o(i.Send_gb_vdr_jt808_0x0700_creat)
 <LI><a href="#[f0]">SysTick_Handler</a> from board.o(i.SysTick_Handler) referenced from startup_stm32f2xx.o(RESET)
 <LI><a href="#[143]">SystemInit</a> from system_stm32f2xx.o(i.SystemInit) referenced from startup_stm32f2xx.o(.text)
 <LI><a href="#[f3]">TAMP_STAMP_IRQHandler</a> from startup_stm32f2xx.o(.text) referenced from startup_stm32f2xx.o(RESET)
 <LI><a href="#[109]">TIM1_BRK_TIM9_IRQHandler</a> from startup_stm32f2xx.o(.text) referenced from startup_stm32f2xx.o(RESET)
 <LI><a href="#[10c]">TIM1_CC_IRQHandler</a> from startup_stm32f2xx.o(.text) referenced from startup_stm32f2xx.o(RESET)
 <LI><a href="#[10b]">TIM1_TRG_COM_TIM11_IRQHandler</a> from startup_stm32f2xx.o(.text) referenced from startup_stm32f2xx.o(RESET)
 <LI><a href="#[10a]">TIM1_UP_TIM10_IRQHandler</a> from startup_stm32f2xx.o(.text) referenced from startup_stm32f2xx.o(RESET)
 <LI><a href="#[10d]">TIM2_IRQHandler</a> from startup_stm32f2xx.o(.text) referenced from startup_stm32f2xx.o(RESET)
 <LI><a href="#[10e]">TIM3_IRQHandler</a> from printer.o(i.TIM3_IRQHandler) referenced from startup_stm32f2xx.o(RESET)
 <LI><a href="#[10f]">TIM4_IRQHandler</a> from startup_stm32f2xx.o(.text) referenced from startup_stm32f2xx.o(RESET)
 <LI><a href="#[123]">TIM5_IRQHandler</a> from jt808_vehicle.o(i.TIM5_IRQHandler) referenced from startup_stm32f2xx.o(RESET)
 <LI><a href="#[127]">TIM6_DAC_IRQHandler</a> from startup_stm32f2xx.o(.text) referenced from startup_stm32f2xx.o(RESET)
 <LI><a href="#[128]">TIM7_IRQHandler</a> from startup_stm32f2xx.o(.text) referenced from startup_stm32f2xx.o(RESET)
 <LI><a href="#[11c]">TIM8_BRK_TIM12_IRQHandler</a> from startup_stm32f2xx.o(.text) referenced from startup_stm32f2xx.o(RESET)
 <LI><a href="#[11f]">TIM8_CC_IRQHandler</a> from startup_stm32f2xx.o(.text) referenced from startup_stm32f2xx.o(RESET)
 <LI><a href="#[11e]">TIM8_TRG_COM_TIM14_IRQHandler</a> from startup_stm32f2xx.o(.text) referenced from startup_stm32f2xx.o(RESET)
 <LI><a href="#[11d]">TIM8_UP_TIM13_IRQHandler</a> from startup_stm32f2xx.o(.text) referenced from startup_stm32f2xx.o(RESET)
 <LI><a href="#[125]">UART4_IRQHandler</a> from m66.o(i.UART4_IRQHandler) referenced from startup_stm32f2xx.o(RESET)
 <LI><a href="#[126]">UART5_IRQHandler</a> from gps.o(i.UART5_IRQHandler) referenced from startup_stm32f2xx.o(RESET)
 <LI><a href="#[116]">USART1_IRQHandler</a> from vuart.o(i.USART1_IRQHandler) referenced from startup_stm32f2xx.o(RESET)
 <LI><a href="#[117]">USART2_IRQHandler</a> from rs485.o(i.USART2_IRQHandler) referenced from startup_stm32f2xx.o(RESET)
 <LI><a href="#[118]">USART3_IRQHandler</a> from rs232.o(i.USART3_IRQHandler) referenced from startup_stm32f2xx.o(RESET)
 <LI><a href="#[138]">USART6_IRQHandler</a> from startup_stm32f2xx.o(.text) referenced from startup_stm32f2xx.o(RESET)
 <LI><a href="#[42]">USBH_Connected</a> from usbh_core.o(i.USBH_Connected) referenced 2 times from usbh_core.o(.data)
 <LI><a href="#[43]">USBH_Disconnected</a> from usbh_core.o(i.USBH_Disconnected) referenced 2 times from usbh_core.o(.data)
 <LI><a href="#[46]">USBH_MSC_ClassRequest</a> from usbh_msc_core.o(i.USBH_MSC_ClassRequest) referenced 2 times from usbh_msc_core.o(.data)
 <LI><a href="#[47]">USBH_MSC_Handle</a> from usbh_msc_core.o(i.USBH_MSC_Handle) referenced 2 times from usbh_msc_core.o(.data)
 <LI><a href="#[45]">USBH_MSC_InterfaceDeInit</a> from usbh_msc_core.o(i.USBH_MSC_InterfaceDeInit) referenced 2 times from usbh_msc_core.o(.data)
 <LI><a href="#[44]">USBH_MSC_InterfaceInit</a> from usbh_msc_core.o(i.USBH_MSC_InterfaceInit) referenced 2 times from usbh_msc_core.o(.data)
 <LI><a href="#[41]">USBH_SOF</a> from usbh_core.o(i.USBH_SOF) referenced 2 times from usbh_core.o(.data)
 <LI><a href="#[38]">USBH_USR_Configuration_DescAvailable</a> from usbh_usr.o(i.USBH_USR_Configuration_DescAvailable) referenced 2 times from usbh_usr.o(.data)
 <LI><a href="#[30]">USBH_USR_DeInit</a> from usbh_usr.o(i.USBH_USR_DeInit) referenced 2 times from usbh_usr.o(.data)
 <LI><a href="#[37]">USBH_USR_DeviceAddressAssigned</a> from usbh_usr.o(i.USBH_USR_DeviceAddressAssigned) referenced 2 times from usbh_usr.o(.data)
 <LI><a href="#[31]">USBH_USR_DeviceAttached</a> from usbh_usr.o(i.USBH_USR_DeviceAttached) referenced 2 times from usbh_usr.o(.data)
 <LI><a href="#[33]">USBH_USR_DeviceDisconnected</a> from usbh_usr.o(i.USBH_USR_DeviceDisconnected) referenced 2 times from usbh_usr.o(.data)
 <LI><a href="#[3f]">USBH_USR_DeviceNotSupported</a> from usbh_usr.o(i.USBH_USR_DeviceNotSupported) referenced 2 times from usbh_usr.o(.data)
 <LI><a href="#[35]">USBH_USR_DeviceSpeedDetected</a> from usbh_usr.o(i.USBH_USR_DeviceSpeedDetected) referenced 2 times from usbh_usr.o(.data)
 <LI><a href="#[36]">USBH_USR_Device_DescAvailable</a> from usbh_usr.o(i.USBH_USR_Device_DescAvailable) referenced 2 times from usbh_usr.o(.data)
 <LI><a href="#[3c]">USBH_USR_EnumerationDone</a> from usbh_usr.o(i.USBH_USR_EnumerationDone) referenced 2 times from usbh_usr.o(.data)
 <LI><a href="#[2f]">USBH_USR_Init</a> from usbh_usr.o(i.USBH_USR_Init) referenced 2 times from usbh_usr.o(.data)
 <LI><a href="#[3e]">USBH_USR_MSC_Application</a> from usbh_usr.o(i.USBH_USR_MSC_Application) referenced 2 times from usbh_usr.o(.data)
 <LI><a href="#[39]">USBH_USR_Manufacturer_String</a> from usbh_usr.o(i.USBH_USR_Manufacturer_String) referenced 2 times from usbh_usr.o(.data)
 <LI><a href="#[34]">USBH_USR_OverCurrentDetected</a> from usbh_usr.o(i.USBH_USR_OverCurrentDetected) referenced 2 times from usbh_usr.o(.data)
 <LI><a href="#[3a]">USBH_USR_Product_String</a> from usbh_usr.o(i.USBH_USR_Product_String) referenced 2 times from usbh_usr.o(.data)
 <LI><a href="#[32]">USBH_USR_ResetDevice</a> from usbh_usr.o(i.USBH_USR_ResetDevice) referenced 2 times from usbh_usr.o(.data)
 <LI><a href="#[3b]">USBH_USR_SerialNum_String</a> from usbh_usr.o(i.USBH_USR_SerialNum_String) referenced 2 times from usbh_usr.o(.data)
 <LI><a href="#[40]">USBH_USR_UnrecoveredError</a> from usbh_usr.o(i.USBH_USR_UnrecoveredError) referenced 2 times from usbh_usr.o(.data)
 <LI><a href="#[3d]">USBH_USR_UserInput</a> from usbh_usr.o(i.USBH_USR_UserInput) referenced 2 times from usbh_usr.o(.data)
 <LI><a href="#[ec]">UsageFault_Handler</a> from startup_stm32f2xx.o(.text) referenced from startup_stm32f2xx.o(RESET)
 <LI><a href="#[f1]">WWDG_IRQHandler</a> from startup_stm32f2xx.o(.text) referenced from startup_stm32f2xx.o(RESET)
 <LI><a href="#[144]">__main</a> from entry.o(.ARM.Collect$$$$00000000) referenced from startup_stm32f2xx.o(.text)
 <LI><a href="#[146]">_sbackspace</a> from _sgetc.o(.text) referenced from __0sscanf.o(.text)
 <LI><a href="#[147]">_scanf_char_input</a> from scanf_char.o(.text) referenced from scanf_char.o(.text)
 <LI><a href="#[145]">_sgetc</a> from _sgetc.o(.text) referenced from __0sscanf.o(.text)
 <LI><a href="#[15e]">_sputc</a> from printfa.o(i._sputc) referenced from printfa.o(i.__0sprintf)
 <LI><a href="#[1ea]">apn</a> from jt808_param.o(i.apn) referenced from jt808_param.o(FSymTab)
 <LI><a href="#[1f8]">area_flash_del_line</a> from jt808_area.o(i.area_flash_del_line) referenced from jt808_area.o(FSymTab)
 <LI><a href="#[1fa]">area_proces_ex</a> from jt808_area.o(i.area_proces_ex) referenced from jt808_area.o(FSymTab)
 <LI><a href="#[1f9]">area_read</a> from jt808_area.o(i.area_read) referenced from jt808_area.o(FSymTab)
 <LI><a href="#[216]">at</a> from m66.o(i.at) referenced from m66.o(FSymTab)
 <LI><a href="#[200]">bkpsram_rd</a> from jt808_util.o(i.bkpsram_rd) referenced from jt808_util.o(FSymTab)
 <LI><a href="#[1ff]">bkpsram_wr</a> from jt808_util.o(i.bkpsram_wr) referenced from jt808_util.o(FSymTab)
 <LI><a href="#[14e]">cam_end</a> from jt808_camera.o(i.cam_end) referenced from jt808_camera.o(i.Cam_jt808_0x8801)
 <LI><a href="#[220]">cam_fact_set</a> from camera.o(i.cam_fact_set) referenced from camera.o(FSymTab)
 <LI><a href="#[14d]">cam_ok</a> from jt808_camera.o(i.cam_ok) referenced from jt808_camera.o(i.Cam_jt808_0x8801)
 <LI><a href="#[149]">cam_ok_menu</a> from menu_3_4_multimedia.o(i.cam_ok_menu) referenced from menu_3_4_multimedia.o(i.Cam_Start)
 <LI><a href="#[173]">can_pack_response</a> from jt808_can.o(i.can_pack_response) referenced from jt808_can.o(i.jt808_can_get)
 <LI><a href="#[22c]">can_save</a> from jt808_can.o(i.can_save) referenced from jt808_can.o(FSymTab)
 <LI><a href="#[22b]">can_tx</a> from can.o(i.can_tx) referenced from can.o(FSymTab)
 <LI><a href="#[1f1]">cartype</a> from jt808_param.o(i.cartype) referenced from jt808_param.o(FSymTab)
 <LI><a href="#[235]">cat</a> from dfs_file.o(i.cat) referenced from dfs_file.o(FSymTab)
 <LI><a href="#[17b]">cb_param_set_SIMID</a> from menu_0_loggingin.o(i.cb_param_set_SIMID) referenced from menu_0_loggingin.o(i.keypress)
 <LI><a href="#[17d]">cb_param_set_default</a> from menu_setting_param.o(i.cb_param_set_default) referenced from menu_setting_param.o(i.lcd_set_param)
 <LI><a href="#[17c]">cb_param_set_user_phone</a> from menu_8_setdns.o(i.cb_param_set_user_phone) referenced from menu_8_setdns.o(i.keypress)
 <LI><a href="#[17a]">cb_tmr_50ms</a> from jt808_vehicle.o(i.cb_tmr_50ms) referenced from jt808_vehicle.o(i.jt808_vehicle_init)
 <LI><a href="#[1e2]">control_device</a> from jt808.o(i.control_device) referenced from jt808.o(FSymTab)
 <LI><a href="#[236]">copy</a> from dfs_file.o(i.copy) referenced from dfs_file.o(FSymTab)
 <LI><a href="#[1e5]">data_save</a> from jt808_param.o(i.data_save) referenced from jt808_param.o(FSymTab)
 <LI><a href="#[227]">date_set</a> from rtc.o(i.date_set) referenced from rtc.o(FSymTab)
 <LI><a href="#[225]">datetime</a> from rtc.o(i.datetime) referenced from rtc.o(FSymTab)
 <LI><a href="#[212]">dbgmsg</a> from m66.o(i.dbgmsg) referenced from m66.o(FSymTab)
 <LI><a href="#[151]">dev_RS485_close</a> from rs485.o(i.dev_RS485_close) referenced from rs485.o(i.RS485_init)
 <LI><a href="#[154]">dev_RS485_control</a> from rs485.o(i.dev_RS485_control) referenced from rs485.o(i.RS485_init)
 <LI><a href="#[14f]">dev_RS485_init</a> from rs485.o(i.dev_RS485_init) referenced from rs485.o(i.RS485_init)
 <LI><a href="#[150]">dev_RS485_open</a> from rs485.o(i.dev_RS485_open) referenced from rs485.o(i.RS485_init)
 <LI><a href="#[152]">dev_RS485_read</a> from rs485.o(i.dev_RS485_read) referenced from rs485.o(i.RS485_init)
 <LI><a href="#[153]">dev_RS485_write</a> from rs485.o(i.dev_RS485_write) referenced from rs485.o(i.RS485_init)
 <LI><a href="#[166]">dev_gps_close</a> from gps.o(i.dev_gps_close) referenced from gps.o(i.gps_init)
 <LI><a href="#[169]">dev_gps_control</a> from gps.o(i.dev_gps_control) referenced from gps.o(i.gps_init)
 <LI><a href="#[164]">dev_gps_init</a> from gps.o(i.dev_gps_init) referenced from gps.o(i.gps_init)
 <LI><a href="#[165]">dev_gps_open</a> from gps.o(i.dev_gps_open) referenced from gps.o(i.gps_init)
 <LI><a href="#[167]">dev_gps_read</a> from gps.o(i.dev_gps_read) referenced from gps.o(i.gps_init)
 <LI><a href="#[168]">dev_gps_write</a> from gps.o(i.dev_gps_write) referenced from gps.o(i.gps_init)
 <LI><a href="#[195]">dev_vuart_close</a> from vuart.o(i.dev_vuart_close) referenced from vuart.o(i.rt_hw_usart_init)
 <LI><a href="#[198]">dev_vuart_control</a> from vuart.o(i.dev_vuart_control) referenced from vuart.o(i.rt_hw_usart_init)
 <LI><a href="#[193]">dev_vuart_init</a> from vuart.o(i.dev_vuart_init) referenced from vuart.o(i.rt_hw_usart_init)
 <LI><a href="#[194]">dev_vuart_open</a> from vuart.o(i.dev_vuart_open) referenced from vuart.o(i.rt_hw_usart_init)
 <LI><a href="#[196]">dev_vuart_read</a> from vuart.o(i.dev_vuart_read) referenced from vuart.o(i.rt_hw_usart_init)
 <LI><a href="#[197]">dev_vuart_write</a> from vuart.o(i.dev_vuart_write) referenced from vuart.o(i.rt_hw_usart_init)
 <LI><a href="#[1ec]">deviceid</a> from jt808_param.o(i.deviceid) referenced from jt808_param.o(FSymTab)
 <LI><a href="#[232]">df</a> from dfs_fs.o(i.df) referenced from dfs_fs.o(FSymTab)
 <LI><a href="#[21c]">df_format</a> from sst25.o(i.df_format) referenced from sst25.o(FSymTab)
 <LI><a href="#[21a]">df_read</a> from sst25.o(i.df_read) referenced from sst25.o(FSymTab)
 <LI><a href="#[21b]">df_write</a> from sst25.o(i.df_write) referenced from sst25.o(FSymTab)
 <LI><a href="#[1f6]">dis_Point</a> from jt808_area.o(i.dis_Point) referenced from jt808_area.o(FSymTab)
 <LI><a href="#[1f7]">dis_Point2Line</a> from jt808_area.o(i.dis_Point2Line) referenced from jt808_area.o(FSymTab)
 <LI><a href="#[245]">drv_query</a> from gb_vdr.o(i.drv_query) referenced from gb_vdr.o(FSymTab)
 <LI><a href="#[1e6]">factory</a> from jt808_param.o(i.factory) referenced from jt808_param.o(FSymTab)
 <LI><a href="#[161]">finsh_rx_ind</a> from shell.o(i.finsh_rx_ind) referenced from shell.o(i.finsh_set_device)
 <LI><a href="#[162]">finsh_thread_entry</a> from shell.o(i.finsh_thread_entry) referenced from shell.o(i.finsh_system_init)
 <LI><a href="#[248]">gb_usb_out</a> from jt808_gb19056.o(i.gb_usb_out) referenced from jt808_gb19056.o(FSymTab)
 <LI><a href="#[244]">gb_vdr_erase</a> from gb_vdr.o(i.gb_vdr_erase) referenced from gb_vdr.o(FSymTab)
 <LI><a href="#[249]">gb_work</a> from jt808_gb19056.o(i.gb_work) referenced from jt808_gb19056.o(FSymTab)
 <LI><a href="#[203]">get_state</a> from jt808_vehicle.o(i.get_state) referenced from jt808_vehicle.o(FSymTab)
 <LI><a href="#[221]">getpicpara</a> from camera.o(i.getpicpara) referenced from camera.o(FSymTab)
 <LI><a href="#[20a]">gps_baud</a> from gps.o(i.gps_baud) referenced from gps.o(FSymTab)
 <LI><a href="#[1f3]">gps_dump</a> from jt808_gps.o(i.gps_dump) referenced from jt808_gps.o(FSymTab)
 <LI><a href="#[20c]">gps_mode</a> from gps.o(i.gps_mode) referenced from gps.o(FSymTab)
 <LI><a href="#[20b]">gps_onoff</a> from gps.o(i.gps_onoff) referenced from gps.o(FSymTab)
 <LI><a href="#[175]">gps_pack_response</a> from jt808_gps_pack.o(i.gps_pack_response) referenced from jt808_gps_pack.o(i.jt808_packt_get)
 <LI><a href="#[1f4]">gps_speed_add</a> from jt808_gps.o(i.gps_speed_add) referenced from jt808_gps.o(FSymTab)
 <LI><a href="#[20d]">gps_write</a> from gps.o(i.gps_write) referenced from gps.o(FSymTab)
 <LI><a href="#[213]">gsmstate</a> from m66.o(i.gsmstate) referenced from m66.o(FSymTab)
 <LI><a href="#[0]">handle_rx_0x8001</a> from jt808.o(i.handle_rx_0x8001) referenced 2 times from jt808.o(.data)
 <LI><a href="#[1]">handle_rx_0x8003</a> from jt808.o(i.handle_rx_0x8003) referenced 2 times from jt808.o(.data)
 <LI><a href="#[2]">handle_rx_0x8100</a> from jt808.o(i.handle_rx_0x8100) referenced 2 times from jt808.o(.data)
 <LI><a href="#[3]">handle_rx_0x8103</a> from jt808.o(i.handle_rx_0x8103) referenced 2 times from jt808.o(.data)
 <LI><a href="#[4]">handle_rx_0x8104</a> from jt808.o(i.handle_rx_0x8104) referenced 2 times from jt808.o(.data)
 <LI><a href="#[5]">handle_rx_0x8105</a> from jt808.o(i.handle_rx_0x8105) referenced 2 times from jt808.o(.data)
 <LI><a href="#[6]">handle_rx_0x8106</a> from jt808.o(i.handle_rx_0x8106) referenced 2 times from jt808.o(.data)
 <LI><a href="#[7]">handle_rx_0x8107</a> from jt808.o(i.handle_rx_0x8107) referenced 2 times from jt808.o(.data)
 <LI><a href="#[8]">handle_rx_0x8108</a> from jt808.o(i.handle_rx_0x8108) referenced 2 times from jt808.o(.data)
 <LI><a href="#[9]">handle_rx_0x8201</a> from jt808.o(i.handle_rx_0x8201) referenced 2 times from jt808.o(.data)
 <LI><a href="#[a]">handle_rx_0x8202</a> from jt808.o(i.handle_rx_0x8202) referenced 2 times from jt808.o(.data)
 <LI><a href="#[b]">handle_rx_0x8203</a> from jt808.o(i.handle_rx_0x8203) referenced 2 times from jt808.o(.data)
 <LI><a href="#[c]">handle_rx_0x8300</a> from jt808.o(i.handle_rx_0x8300) referenced 2 times from jt808.o(.data)
 <LI><a href="#[d]">handle_rx_0x8301</a> from jt808.o(i.handle_rx_0x8301) referenced 2 times from jt808.o(.data)
 <LI><a href="#[e]">handle_rx_0x8302</a> from jt808.o(i.handle_rx_0x8302) referenced 2 times from jt808.o(.data)
 <LI><a href="#[f]">handle_rx_0x8303</a> from jt808.o(i.handle_rx_0x8303) referenced 2 times from jt808.o(.data)
 <LI><a href="#[10]">handle_rx_0x8304</a> from jt808.o(i.handle_rx_0x8304) referenced 2 times from jt808.o(.data)
 <LI><a href="#[11]">handle_rx_0x8400</a> from jt808.o(i.handle_rx_0x8400) referenced 2 times from jt808.o(.data)
 <LI><a href="#[12]">handle_rx_0x8401</a> from jt808.o(i.handle_rx_0x8401) referenced 2 times from jt808.o(.data)
 <LI><a href="#[13]">handle_rx_0x8500</a> from jt808.o(i.handle_rx_0x8500) referenced 2 times from jt808.o(.data)
 <LI><a href="#[14]">handle_rx_0x8600</a> from jt808.o(i.handle_rx_0x8600) referenced 2 times from jt808.o(.data)
 <LI><a href="#[15]">handle_rx_0x8601</a> from jt808.o(i.handle_rx_0x8601) referenced 2 times from jt808.o(.data)
 <LI><a href="#[16]">handle_rx_0x8602</a> from jt808.o(i.handle_rx_0x8602) referenced 2 times from jt808.o(.data)
 <LI><a href="#[17]">handle_rx_0x8603</a> from jt808.o(i.handle_rx_0x8603) referenced 2 times from jt808.o(.data)
 <LI><a href="#[18]">handle_rx_0x8604</a> from jt808.o(i.handle_rx_0x8604) referenced 2 times from jt808.o(.data)
 <LI><a href="#[19]">handle_rx_0x8605</a> from jt808.o(i.handle_rx_0x8605) referenced 2 times from jt808.o(.data)
 <LI><a href="#[1a]">handle_rx_0x8606</a> from jt808.o(i.handle_rx_0x8606) referenced 2 times from jt808.o(.data)
 <LI><a href="#[1b]">handle_rx_0x8607</a> from jt808.o(i.handle_rx_0x8607) referenced 2 times from jt808.o(.data)
 <LI><a href="#[1c]">handle_rx_0x8700</a> from jt808.o(i.handle_rx_0x8700) referenced 2 times from jt808.o(.data)
 <LI><a href="#[1d]">handle_rx_0x8701</a> from jt808.o(i.handle_rx_0x8701) referenced 2 times from jt808.o(.data)
 <LI><a href="#[1e]">handle_rx_0x8800</a> from jt808.o(i.handle_rx_0x8800) referenced 2 times from jt808.o(.data)
 <LI><a href="#[1f]">handle_rx_0x8801</a> from jt808.o(i.handle_rx_0x8801) referenced 2 times from jt808.o(.data)
 <LI><a href="#[20]">handle_rx_0x8802</a> from jt808.o(i.handle_rx_0x8802) referenced 2 times from jt808.o(.data)
 <LI><a href="#[21]">handle_rx_0x8803</a> from jt808.o(i.handle_rx_0x8803) referenced 2 times from jt808.o(.data)
 <LI><a href="#[22]">handle_rx_0x8804</a> from jt808.o(i.handle_rx_0x8804) referenced 2 times from jt808.o(.data)
 <LI><a href="#[23]">handle_rx_0x8805</a> from jt808.o(i.handle_rx_0x8805) referenced 2 times from jt808.o(.data)
 <LI><a href="#[24]">handle_rx_0x8900</a> from jt808.o(i.handle_rx_0x8900) referenced 2 times from jt808.o(.data)
 <LI><a href="#[25]">handle_rx_0x8A00</a> from jt808.o(i.handle_rx_0x8A00) referenced 2 times from jt808.o(.data)
 <LI><a href="#[237]">hello</a> from cmd.o(i.hello) referenced from cmd.o(FSymTab)
 <LI><a href="#[22e]">iccard_send_data</a> from rs232.o(i.iccard_send_data) referenced from rs232.o(FSymTab)
 <LI><a href="#[1eb]">ipport1</a> from jt808_param.o(i.ipport1) referenced from jt808_param.o(FSymTab)
 <LI><a href="#[1ef]">ipset</a> from jt808_param.o(i.ipset) referenced from jt808_param.o(FSymTab)
 <LI><a href="#[1f0]">ipset2</a> from jt808_param.o(i.ipset2) referenced from jt808_param.o(FSymTab)
 <LI><a href="#[148]">isspace</a> from isspace_o.o(.text) referenced from scanf_char.o(.text)
 <LI><a href="#[24a]">jia_spd</a> from jt808_gb19056.o(i.jia_spd) referenced from jt808_gb19056.o(FSymTab)
 <LI><a href="#[176]">jt808_0x8104_response</a> from jt808_param.o(i.jt808_0x8104_response) referenced from jt808_param.o(i.jt808_param_0x8104)
 <LI><a href="#[176]">jt808_0x8104_response</a> from jt808_param.o(i.jt808_0x8104_response) referenced from jt808_param.o(i.jt808_param_0x8106)
 <LI><a href="#[177]">jt808_0x8104_timeout</a> from jt808_param.o(i.jt808_0x8104_timeout) referenced from jt808_param.o(i.jt808_param_0x8104)
 <LI><a href="#[177]">jt808_0x8104_timeout</a> from jt808_param.o(i.jt808_0x8104_timeout) referenced from jt808_param.o(i.jt808_param_0x8106)
 <LI><a href="#[178]">jt808_report_response</a> from jt808_gps.o(i.jt808_report_response) referenced from jt808_gps.o(i.jt808_report_get)
 <LI><a href="#[178]">jt808_report_response</a> from jt808_gps.o(i.jt808_report_response) referenced from jt808_gps.o(i.jt808_report_put)
 <LI><a href="#[179]">jt808_report_timeout</a> from jt808_gps.o(i.jt808_report_timeout) referenced from jt808_gps.o(i.jt808_report_get)
 <LI><a href="#[179]">jt808_report_timeout</a> from jt808_gps.o(i.jt808_report_timeout) referenced from jt808_gps.o(i.jt808_report_put)
 <LI><a href="#[1e4]">jt808_send</a> from jt808.o(i.jt808_send) referenced from jt808.o(FSymTab)
 <LI><a href="#[185]">jt808_tx_response</a> from jt808.o(i.jt808_tx_response) referenced from jt808.o(i.node_end)
 <LI><a href="#[184]">jt808_tx_timeout</a> from jt808.o(i.jt808_tx_timeout) referenced from jt808.o(i.node_end)
 <LI><a href="#[49]">keypress</a> from menu_2_1_status8.o(i.keypress) referenced 90 times from menu_2_1_status8.o(.data)
 <LI><a href="#[242]">list</a> from cmd.o(i.list) referenced from cmd.o(FSymTab)
 <LI><a href="#[241]">list_device</a> from cmd.o(i.list_device) referenced from cmd.o(FSymTab)
 <LI><a href="#[23b]">list_event</a> from cmd.o(i.list_event) referenced from cmd.o(FSymTab)
 <LI><a href="#[23d]">list_mailbox</a> from cmd.o(i.list_mailbox) referenced from cmd.o(FSymTab)
 <LI><a href="#[230]">list_mem</a> from mem.o(i.list_mem) referenced from mem.o(FSymTab)
 <LI><a href="#[23f]">list_mempool</a> from cmd.o(i.list_mempool) referenced from cmd.o(FSymTab)
 <LI><a href="#[23e]">list_msgqueue</a> from cmd.o(i.list_msgqueue) referenced from cmd.o(FSymTab)
 <LI><a href="#[23c]">list_mutex</a> from cmd.o(i.list_mutex) referenced from cmd.o(FSymTab)
 <LI><a href="#[1e1]">list_node</a> from jt808.o(i.list_node) referenced from jt808.o(FSymTab)
 <LI><a href="#[23a]">list_sem</a> from cmd.o(i.list_sem) referenced from cmd.o(FSymTab)
 <LI><a href="#[239]">list_thread</a> from cmd.o(i.list_thread) referenced from cmd.o(FSymTab)
 <LI><a href="#[240]">list_timer</a> from cmd.o(i.list_timer) referenced from cmd.o(FSymTab)
 <LI><a href="#[233]">ls</a> from dfs_file.o(i.ls) referenced from dfs_file.o(FSymTab)
 <LI><a href="#[16e]">m66_close</a> from m66.o(i.m66_close) referenced from m66.o(i.gsm_init)
 <LI><a href="#[171]">m66_control</a> from m66.o(i.m66_control) referenced from m66.o(i.gsm_init)
 <LI><a href="#[16c]">m66_init</a> from m66.o(i.m66_init) referenced from m66.o(i.gsm_init)
 <LI><a href="#[16d]">m66_open</a> from m66.o(i.m66_open) referenced from m66.o(i.gsm_init)
 <LI><a href="#[16f]">m66_read</a> from m66.o(i.m66_read) referenced from m66.o(i.gsm_init)
 <LI><a href="#[170]">m66_write</a> from m66.o(i.m66_write) referenced from m66.o(i.gsm_init)
 <LI><a href="#[142]">main</a> from startup.o(i.main) referenced from entry9a.o(.ARM.Collect$$$$0000000B)
 <LI><a href="#[231]">mkfs</a> from dfs_fs.o(i.mkfs) referenced from dfs_fs.o(FSymTab)
 <LI><a href="#[180]">mma8451_close</a> from mma8451.o(i.mma8451_close) referenced from mma8451.o(i.mma8451_driver_init)
 <LI><a href="#[20f]">mma8451_config</a> from mma8451.o(i.mma8451_config) referenced from mma8451.o(FSymTab)
 <LI><a href="#[183]">mma8451_control</a> from mma8451.o(i.mma8451_control) referenced from mma8451.o(i.mma8451_driver_init)
 <LI><a href="#[17e]">mma8451_init</a> from mma8451.o(i.mma8451_init) referenced from mma8451.o(i.mma8451_driver_init)
 <LI><a href="#[17f]">mma8451_open</a> from mma8451.o(i.mma8451_open) referenced from mma8451.o(i.mma8451_driver_init)
 <LI><a href="#[181]">mma8451_read</a> from mma8451.o(i.mma8451_read) referenced from mma8451.o(i.mma8451_driver_init)
 <LI><a href="#[182]">mma8451_write</a> from mma8451.o(i.mma8451_write) referenced from mma8451.o(i.mma8451_driver_init)
 <LI><a href="#[20e]">mma845_read</a> from mma8451.o(i.mma845_read) referenced from mma8451.o(FSymTab)
 <LI><a href="#[247]">moni_drv</a> from jt808_gb19056.o(i.moni_drv) referenced from jt808_gb19056.o(FSymTab)
 <LI><a href="#[15a]">msc_close</a> from usbh_usr.o(i.msc_close) referenced from usbh_usr.o(i.USBH_USR_MSC_Application)
 <LI><a href="#[15d]">msc_control</a> from usbh_usr.o(i.msc_control) referenced from usbh_usr.o(i.USBH_USR_MSC_Application)
 <LI><a href="#[158]">msc_init</a> from usbh_usr.o(i.msc_init) referenced from usbh_usr.o(i.USBH_USR_MSC_Application)
 <LI><a href="#[159]">msc_open</a> from usbh_usr.o(i.msc_open) referenced from usbh_usr.o(i.USBH_USR_MSC_Application)
 <LI><a href="#[15b]">msc_read</a> from usbh_usr.o(i.msc_read) referenced from usbh_usr.o(i.USBH_USR_MSC_Application)
 <LI><a href="#[15c]">msc_write</a> from usbh_usr.o(i.msc_write) referenced from usbh_usr.o(i.USBH_USR_MSC_Application)
 <LI><a href="#[4b]">msg</a> from menu_2_1_status8.o(i.msg) referenced 90 times from menu_2_1_status8.o(.data)
 <LI><a href="#[208]">oiap_test</a> from jt808_sms.o(i.oiap_test) referenced from jt808_sms.o(FSymTab)
 <LI><a href="#[28]">on_light</a> from jt808_vehicle.o(i.on_light) referenced 2 times from jt808_vehicle.o(.data)
 <LI><a href="#[2a]">on_light_left</a> from jt808_vehicle.o(i.on_light_left) referenced 2 times from jt808_vehicle.o(.data)
 <LI><a href="#[2b]">on_light_right</a> from jt808_vehicle.o(i.on_light_right) referenced 2 times from jt808_vehicle.o(.data)
 <LI><a href="#[2c]">on_sha_che</a> from jt808_vehicle.o(i.on_sha_che) referenced 2 times from jt808_vehicle.o(.data)
 <LI><a href="#[2e]">on_yu_liu</a> from jt808_vehicle.o(i.on_yu_liu) referenced 2 times from jt808_vehicle.o(.data)
 <LI><a href="#[2d]">on_yu_shua</a> from jt808_vehicle.o(i.on_yu_shua) referenced 2 times from jt808_vehicle.o(.data)
 <LI><a href="#[27]">onacc</a> from jt808_vehicle.o(i.onacc) referenced 2 times from jt808_vehicle.o(.data)
 <LI><a href="#[29]">ondoor</a> from jt808_vehicle.o(i.ondoor) referenced 2 times from jt808_vehicle.o(.data)
 <LI><a href="#[26]">onemg</a> from jt808_vehicle.o(i.onemg) referenced 2 times from jt808_vehicle.o(.data)
 <LI><a href="#[1e9]">param_out</a> from jt808_param.o(i.param_out) referenced from jt808_param.o(FSymTab)
 <LI><a href="#[1e7]">param_save</a> from jt808_param.o(i.param_save) referenced from jt808_param.o(FSymTab)
 <LI><a href="#[1e8]">param_set</a> from jt808_param.o(i.param_set) referenced from jt808_param.o(FSymTab)
 <LI><a href="#[1ed]">password</a> from jt808_param.o(i.password) referenced from jt808_param.o(FSymTab)
 <LI><a href="#[22f]">power_5v3</a> from rs232.o(i.power_5v3) referenced from rs232.o(FSymTab)
 <LI><a href="#[209]">printer</a> from printer.o(i.printer) referenced from printer.o(FSymTab)
 <LI><a href="#[188]">printer_close</a> from printer.o(i.printer_close) referenced from printer.o(i.printer_driver_init)
 <LI><a href="#[18b]">printer_control</a> from printer.o(i.printer_control) referenced from printer.o(i.printer_driver_init)
 <LI><a href="#[186]">printer_init</a> from printer.o(i.printer_init) referenced from printer.o(i.printer_driver_init)
 <LI><a href="#[187]">printer_open</a> from printer.o(i.printer_open) referenced from printer.o(i.printer_driver_init)
 <LI><a href="#[189]">printer_read</a> from printer.o(i.printer_read) referenced from printer.o(i.printer_driver_init)
 <LI><a href="#[18a]">printer_write</a> from printer.o(i.printer_write) referenced from printer.o(i.printer_driver_init)
 <LI><a href="#[1dd]">printf_set</a> from startup.o(i.printf_set) referenced from startup.o(FSymTab)
 <LI><a href="#[215]">record</a> from m66.o(i.record) referenced from m66.o(FSymTab)
 <LI><a href="#[191]">record_Receiving_M66</a> from m66.o(i.record_Receiving_M66) referenced from m66.o(i.record_proc_M66)
 <LI><a href="#[1e0]">reset</a> from jt808.o(i.reset) referenced from jt808.o(FSymTab)
 <LI><a href="#[1a3]">resp_ATI</a> from m66.o(i.resp_ATI) referenced from m66.o(.constdata)
 <LI><a href="#[1a6]">resp_CGREG</a> from m66.o(i.resp_CGREG) referenced 2 times from m66.o(.constdata)
 <LI><a href="#[1a5]">resp_CIMI</a> from m66.o(i.resp_CIMI) referenced from m66.o(.constdata)
 <LI><a href="#[1a8]">resp_CIMI_M50</a> from m66.o(i.resp_CIMI_M50) referenced from m66.o(.constdata)
 <LI><a href="#[1a7]">resp_COPS</a> from m66.o(i.resp_COPS) referenced 2 times from m66.o(.constdata)
 <LI><a href="#[19a]">resp_CSQ</a> from m66.o(i.resp_CSQ) referenced 2 times from m66.o(.constdata)
 <LI><a href="#[19a]">resp_CSQ</a> from m66.o(i.resp_CSQ) referenced from m66.o(i.rt_thread_entry_gsm)
 <LI><a href="#[19d]">resp_DNSR_M50</a> from m66.o(i.resp_DNSR_M50) referenced from m66.o(i.rt_thread_gsm_socket_M50)
 <LI><a href="#[19e]">resp_DNSR_M66</a> from m66.o(i.resp_DNSR_M66) referenced from m66.o(i.rt_thread_gsm_socket_M69)
 <LI><a href="#[19b]">resp_ETCPIP</a> from m66.o(i.resp_ETCPIP) referenced from m66.o(i.rt_thread_gsm_gprs_M69)
 <LI><a href="#[1a9]">resp_ICCID</a> from m66.o(i.resp_ICCID) referenced from m66.o(.constdata)
 <LI><a href="#[1a0]">resp_SMS_RX</a> from m66.o(i.resp_SMS_RX) referenced from m66.o(i.sms_proc)
 <LI><a href="#[1a1]">resp_TEL</a> from m66.o(i.resp_TEL) referenced from m66.o(i.tel_proc)
 <LI><a href="#[1a4]">resp_TSIM_M66</a> from m66.o(i.resp_TSIM_M66) referenced from m66.o(.constdata)
 <LI><a href="#[19c]">resp_linking_M50</a> from m66.o(i.resp_linking_M50) referenced from m66.o(i.rt_thread_gsm_socket_M50)
 <LI><a href="#[18d]">resp_record_del_M50</a> from m66.o(i.resp_record_del_M50) referenced from m66.o(i.record_proc_M50)
 <LI><a href="#[18f]">resp_record_open_M50</a> from m66.o(i.resp_record_open_M50) referenced from m66.o(i.record_proc_M50)
 <LI><a href="#[190]">resp_record_read_M50</a> from m66.o(i.resp_record_read_M50) referenced from m66.o(i.record_proc_M50)
 <LI><a href="#[18e]">resp_recording_M50</a> from m66.o(i.resp_recording_M50) referenced from m66.o(i.record_proc_M50)
 <LI><a href="#[234]">rm</a> from dfs_file.o(i.rm) referenced from dfs_file.o(FSymTab)
 <LI><a href="#[155]">rt_thread_entry_RS485</a> from rs485.o(i.rt_thread_entry_RS485) referenced from rs485.o(i.RS485_init)
 <LI><a href="#[192]">rt_thread_entry_app</a> from application.o(i.rt_thread_entry_app) referenced from application.o(i.rt_application_init)
 <LI><a href="#[163]">rt_thread_entry_gps</a> from gps.o(i.rt_thread_entry_gps) referenced from gps.o(i.gps_init)
 <LI><a href="#[16a]">rt_thread_entry_gsm</a> from m66.o(i.rt_thread_entry_gsm) referenced from m66.o(i.gsm_init)
 <LI><a href="#[16b]">rt_thread_entry_gsm_rx</a> from m66.o(i.rt_thread_entry_gsm_rx) referenced from m66.o(i.gsm_init)
 <LI><a href="#[172]">rt_thread_entry_hmi</a> from hmi.o(i.rt_thread_entry_hmi) referenced from hmi.o(i.hmi_init)
 <LI><a href="#[174]">rt_thread_entry_jt808</a> from jt808.o(i.rt_thread_entry_jt808) referenced from jt808.o(i.jt808_init)
 <LI><a href="#[18c]">rt_thread_entry_printer</a> from printer.o(i.rt_thread_entry_printer) referenced from printer.o(i.printer_driver_init)
 <LI><a href="#[1a2]">rt_thread_entry_usbmsc</a> from usbh.o(i.rt_thread_entry_usbmsc) referenced from usbh.o(i.usbh_init)
 <LI><a href="#[15f]">rt_thread_exit</a> from thread.o(i.rt_thread_exit) referenced from thread.o(i._rt_thread_init)
 <LI><a href="#[19f]">rt_thread_idle_entry</a> from idle.o(i.rt_thread_idle_entry) referenced from idle.o(i.rt_thread_idle_init)
 <LI><a href="#[160]">rt_thread_timeout</a> from thread.o(i.rt_thread_timeout) referenced from thread.o(i._rt_thread_init)
 <LI><a href="#[199]">rt_thread_timer_entry</a> from timer.o(i.rt_thread_timer_entry) referenced from timer.o(i.rt_system_timer_thread_init)
 <LI><a href="#[246]">rx_rec</a> from jt808_gb19056.o(i.rx_rec) referenced from jt808_gb19056.o(FSymTab)
 <LI><a href="#[1fe]">save_pack</a> from jt808_gps_pack.o(i.save_pack) referenced from jt808_gps_pack.o(FSymTab)
 <LI><a href="#[1da]">sd_open</a> from application.o(i.sd_open) referenced from application.o(FSymTab)
 <LI><a href="#[1db]">sd_write</a> from application.o(i.sd_write) referenced from application.o(FSymTab)
 <LI><a href="#[1dc]">sd_write_console</a> from application.o(i.sd_write_console) referenced from application.o(FSymTab)
 <LI><a href="#[1fc]">send_info</a> from jt808_update.o(i.send_info) referenced from jt808_update.o(FSymTab)
 <LI><a href="#[1f2]">set_0704</a> from jt808_gps.o(i.set_0704) referenced from jt808_gps.o(FSymTab)
 <LI><a href="#[202]">set_alarm</a> from jt808_vehicle.o(i.set_alarm) referenced from jt808_vehicle.o(FSymTab)
 <LI><a href="#[211]">set_ipr</a> from m66.o(i.set_ipr) referenced from m66.o(FSymTab)
 <LI><a href="#[204]">set_phone_num</a> from jt808_sms.o(i.set_phone_num) referenced from jt808_sms.o(FSymTab)
 <LI><a href="#[201]">set_status</a> from jt808_vehicle.o(i.set_status) referenced from jt808_vehicle.o(FSymTab)
 <LI><a href="#[48]">show</a> from menu_2_1_status8.o(i.show) referenced 90 times from menu_2_1_status8.o(.data)
 <LI><a href="#[1ee]">simid</a> from jt808_param.o(i.simid) referenced from jt808_param.o(FSymTab)
 <LI><a href="#[206]">sms_param_proc</a> from jt808_sms.o(i.sms_param_proc) referenced from jt808_sms.o(FSymTab)
 <LI><a href="#[205]">sms_send</a> from jt808_sms.o(i.sms_send) referenced from jt808_sms.o(FSymTab)
 <LI><a href="#[207]">sms_test</a> from jt808_sms.o(i.sms_test) referenced from jt808_sms.o(FSymTab)
 <LI><a href="#[1e3]">sock</a> from jt808.o(i.sock) referenced from jt808.o(FSymTab)
 <LI><a href="#[218]">sst25_erase_4k</a> from sst25.o(i.sst25_erase_4k) referenced from sst25.o(FSymTab)
 <LI><a href="#[219]">sst25_erase_64k</a> from sst25.o(i.sst25_erase_64k) referenced from sst25.o(FSymTab)
 <LI><a href="#[217]">tel</a> from m66.o(i.tel) referenced from m66.o(FSymTab)
 <LI><a href="#[22a]">tf_new</a> from sd_test.o(i.tf_new) referenced from sd_test.o(FSymTab)
 <LI><a href="#[228]">tf_open</a> from sd_test.o(i.tf_open) referenced from sd_test.o(FSymTab)
 <LI><a href="#[229]">tf_write</a> from sd_test.o(i.tf_write) referenced from sd_test.o(FSymTab)
 <LI><a href="#[226]">time_set</a> from rtc.o(i.time_set) referenced from rtc.o(FSymTab)
 <LI><a href="#[4a]">timetick</a> from menu_2_1_status8.o(i.timetick) referenced 44 times from menu_2_1_status8.o(.data)
 <LI><a href="#[c0]">timetick_debug</a> from menu_5_9_debug.o(i.timetick_debug) referenced 2 times from menu_5_9_debug.o(.data)
 <LI><a href="#[4e]">timetick_default</a> from menu_include.o(i.timetick_default) referenced 44 times from menu_2_2_speed15.o(.data)
 <LI><a href="#[243]">total_ergotic</a> from gb_vdr.o(i.total_ergotic) referenced from gb_vdr.o(FSymTab)
 <LI><a href="#[214]">tts</a> from m66.o(i.tts) referenced from m66.o(FSymTab)
 <LI><a href="#[210]">uart1_baud</a> from vuart.o(i.uart1_baud) referenced from vuart.o(FSymTab)
 <LI><a href="#[1fd]">updata_test</a> from jt808_update.o(i.updata_test) referenced from jt808_update.o(FSymTab)
 <LI><a href="#[1fb]">update_file</a> from jt808_update.o(i.update_file) referenced from jt808_update.o(FSymTab)
 <LI><a href="#[238]">version</a> from cmd.o(i.version) referenced from cmd.o(FSymTab)
</UL>
<P>
<H3>
Global Symbols
</H3>
<P><STRONG><a name="[144]"></a>__main</STRONG> (Thumb, 0 bytes, Stack size 0 bytes, entry.o(.ARM.Collect$$$$00000000))
<BR>[Address Reference Count : 1]<UL><LI> startup_stm32f2xx.o(.text)
</UL>
<P><STRONG><a name="[24c]"></a>_main_scatterload</STRONG> (Thumb, 0 bytes, Stack size 0 bytes, entry5.o(.ARM.Collect$$$$00000004))
<BR><BR>[Calls]<UL><LI><a href="#[24d]">&gt;&gt;</a>&nbsp;&nbsp;&nbsp;__scatterload
</UL>

<P><STRONG><a name="[26e]"></a>__main_after_scatterload</STRONG> (Thumb, 0 bytes, Stack size 0 bytes, entry5.o(.ARM.Collect$$$$00000004))
<BR><BR>[Called By]<UL><LI><a href="#[24d]">&gt;&gt;</a>&nbsp;&nbsp;&nbsp;__scatterload
</UL>

<P><STRONG><a name="[e7]"></a>Reset_Handler</STRONG> (Thumb, 8 bytes, Stack size 0 bytes, startup_stm32f2xx.o(.text))
<BR>[Address Reference Count : 1]<UL><LI> startup_stm32f2xx.o(RESET)
</UL>
<P><STRONG><a name="[e8]"></a>NMI_Handler</STRONG> (Thumb, 2 bytes, Stack size 0 bytes, startup_stm32f2xx.o(.text))
<BR><BR>[Calls]<UL><LI><a href="#[e8]">&gt;&gt;</a>&nbsp;&nbsp;&nbsp;NMI_Handler
</UL>
<BR>[Called By]<UL><LI><a href="#[e8]">&gt;&gt;</a>&nbsp;&nbsp;&nbsp;NMI_Handler
</UL>
<BR>[Address Reference Count : 1]<UL><LI> startup_stm32f2xx.o(RESET)
</UL>
<P><STRONG><a name="[ea]"></a>MemManage_Handler</STRONG> (Thumb, 2 bytes, Stack size 0 bytes, startup_stm32f2xx.o(.text))
<BR><BR>[Calls]<UL><LI><a href="#[ea]">&gt;&gt;</a>&nbsp;&nbsp;&nbsp;MemManage_Handler
</UL>
<BR>[Called By]<UL><LI><a href="#[ea]">&gt;&gt;</a>&nbsp;&nbsp;&nbsp;MemManage_Handler
</UL>
<BR>[Address Reference Count : 1]<UL><LI> startup_stm32f2xx.o(RESET)
</UL>
<P><STRONG><a name="[eb]"></a>BusFault_Handler</STRONG> (Thumb, 2 bytes, Stack size 0 bytes, startup_stm32f2xx.o(.text))
<BR><BR>[Calls]<UL><LI><a href="#[eb]">&gt;&gt;</a>&nbsp;&nbsp;&nbsp;BusFault_Handler
</UL>
<BR>[Called By]<UL><LI><a href="#[eb]">&gt;&gt;</a>&nbsp;&nbsp;&nbsp;BusFault_Handler
</UL>
<BR>[Address Reference Count : 1]<UL><LI> startup_stm32f2xx.o(RESET)
</UL>
<P><STRONG><a name="[ec]"></a>UsageFault_Handler</STRONG> (Thumb, 2 bytes, Stack size 0 bytes, startup_stm32f2xx.o(.text))
<BR><BR>[Calls]<UL><LI><a href="#[ec]">&gt;&gt;</a>&nbsp;&nbsp;&nbsp;UsageFault_Handler
</UL>
<BR>[Called By]<UL><LI><a href="#[ec]">&gt;&gt;</a>&nbsp;&nbsp;&nbsp;UsageFault_Handler
</UL>
<BR>[Address Reference Count : 1]<UL><LI> startup_stm32f2xx.o(RESET)
</UL>
<P><STRONG><a name="[ed]"></a>SVC_Handler</STRONG> (Thumb, 2 bytes, Stack size 0 bytes, startup_stm32f2xx.o(.text))
<BR><BR>[Calls]<UL><LI><a href="#[ed]">&gt;&gt;</a>&nbsp;&nbsp;&nbsp;SVC_Handler
</UL>
<BR>[Called By]<UL><LI><a href="#[ed]">&gt;&gt;</a>&nbsp;&nbsp;&nbsp;SVC_Handler
</UL>
<BR>[Address Reference Count : 1]<UL><LI> startup_stm32f2xx.o(RESET)
</UL>
<P><STRONG><a name="[ee]"></a>DebugMon_Handler</STRONG> (Thumb, 2 bytes, Stack size 0 bytes, startup_stm32f2xx.o(.text))
<BR><BR>[Calls]<UL><LI><a href="#[ee]">&gt;&gt;</a>&nbsp;&nbsp;&nbsp;DebugMon_Handler
</UL>
<BR>[Called By]<UL><LI><a href="#[ee]">&gt;&gt;</a>&nbsp;&nbsp;&nbsp;DebugMon_Handler
</UL>
<BR>[Address Reference Count : 1]<UL><LI> startup_stm32f2xx.o(RESET)
</UL>
<P><STRONG><a name="[103]"></a>ADC_IRQHandler</STRONG> (Thumb, 0 bytes, Stack size 0 bytes, startup_stm32f2xx.o(.text))
<BR><BR>[Calls]<UL><LI><a href="#[103]">&gt;&gt;</a>&nbsp;&nbsp;&nbsp;ADC_IRQHandler
</UL>
<BR>[Called By]<UL><LI><a href="#[103]">&gt;&gt;</a>&nbsp;&nbsp;&nbsp;ADC_IRQHandler
</UL>
<BR>[Address Reference Count : 1]<UL><LI> startup_stm32f2xx.o(RESET)
</UL>
<P><STRONG><a name="[106]"></a>CAN1_RX1_IRQHandler</STRONG> (Thumb, 0 bytes, Stack size 0 bytes, startup_stm32f2xx.o(.text))
<BR>[Address Reference Count : 1]<UL><LI> startup_stm32f2xx.o(RESET)
</UL>
<P><STRONG><a name="[107]"></a>CAN1_SCE_IRQHandler</STRONG> (Thumb, 0 bytes, Stack size 0 bytes, startup_stm32f2xx.o(.text))
<BR>[Address Reference Count : 1]<UL><LI> startup_stm32f2xx.o(RESET)
</UL>
<P><STRONG><a name="[104]"></a>CAN1_TX_IRQHandler</STRONG> (Thumb, 0 bytes, Stack size 0 bytes, startup_stm32f2xx.o(.text))
<BR>[Address Reference Count : 1]<UL><LI> startup_stm32f2xx.o(RESET)
</UL>
<P><STRONG><a name="[131]"></a>CAN2_RX0_IRQHandler</STRONG> (Thumb, 0 bytes, Stack size 0 bytes, startup_stm32f2xx.o(.text))
<BR>[Address Reference Count : 1]<UL><LI> startup_stm32f2xx.o(RESET)
</UL>
<P><STRONG><a name="[132]"></a>CAN2_RX1_IRQHandler</STRONG> (Thumb, 0 bytes, Stack size 0 bytes, startup_stm32f2xx.o(.text))
<BR>[Address Reference Count : 1]<UL><LI> startup_stm32f2xx.o(RESET)
</UL>
<P><STRONG><a name="[133]"></a>CAN2_SCE_IRQHandler</STRONG> (Thumb, 0 bytes, Stack size 0 bytes, startup_stm32f2xx.o(.text))
<BR>[Address Reference Count : 1]<UL><LI> startup_stm32f2xx.o(RESET)
</UL>
<P><STRONG><a name="[130]"></a>CAN2_TX_IRQHandler</STRONG> (Thumb, 0 bytes, Stack size 0 bytes, startup_stm32f2xx.o(.text))
<BR>[Address Reference Count : 1]<UL><LI> startup_stm32f2xx.o(RESET)
</UL>
<P><STRONG><a name="[140]"></a>CRYP_IRQHandler</STRONG> (Thumb, 0 bytes, Stack size 0 bytes, startup_stm32f2xx.o(.text))
<BR>[Address Reference Count : 1]<UL><LI> startup_stm32f2xx.o(RESET)
</UL>
<P><STRONG><a name="[13f]"></a>DCMI_IRQHandler</STRONG> (Thumb, 0 bytes, Stack size 0 bytes, startup_stm32f2xx.o(.text))
<BR>[Address Reference Count : 1]<UL><LI> startup_stm32f2xx.o(RESET)
</UL>
<P><STRONG><a name="[fc]"></a>DMA1_Stream0_IRQHandler</STRONG> (Thumb, 0 bytes, Stack size 0 bytes, startup_stm32f2xx.o(.text))
<BR>[Address Reference Count : 1]<UL><LI> startup_stm32f2xx.o(RESET)
</UL>
<P><STRONG><a name="[fd]"></a>DMA1_Stream1_IRQHandler</STRONG> (Thumb, 0 bytes, Stack size 0 bytes, startup_stm32f2xx.o(.text))
<BR>[Address Reference Count : 1]<UL><LI> startup_stm32f2xx.o(RESET)
</UL>
<P><STRONG><a name="[fe]"></a>DMA1_Stream2_IRQHandler</STRONG> (Thumb, 0 bytes, Stack size 0 bytes, startup_stm32f2xx.o(.text))
<BR>[Address Reference Count : 1]<UL><LI> startup_stm32f2xx.o(RESET)
</UL>
<P><STRONG><a name="[ff]"></a>DMA1_Stream3_IRQHandler</STRONG> (Thumb, 0 bytes, Stack size 0 bytes, startup_stm32f2xx.o(.text))
<BR>[Address Reference Count : 1]<UL><LI> startup_stm32f2xx.o(RESET)
</UL>
<P><STRONG><a name="[100]"></a>DMA1_Stream4_IRQHandler</STRONG> (Thumb, 0 bytes, Stack size 0 bytes, startup_stm32f2xx.o(.text))
<BR>[Address Reference Count : 1]<UL><LI> startup_stm32f2xx.o(RESET)
</UL>
<P><STRONG><a name="[101]"></a>DMA1_Stream5_IRQHandler</STRONG> (Thumb, 0 bytes, Stack size 0 bytes, startup_stm32f2xx.o(.text))
<BR>[Address Reference Count : 1]<UL><LI> startup_stm32f2xx.o(RESET)
</UL>
<P><STRONG><a name="[102]"></a>DMA1_Stream6_IRQHandler</STRONG> (Thumb, 0 bytes, Stack size 0 bytes, startup_stm32f2xx.o(.text))
<BR>[Address Reference Count : 1]<UL><LI> startup_stm32f2xx.o(RESET)
</UL>
<P><STRONG><a name="[120]"></a>DMA1_Stream7_IRQHandler</STRONG> (Thumb, 0 bytes, Stack size 0 bytes, startup_stm32f2xx.o(.text))
<BR>[Address Reference Count : 1]<UL><LI> startup_stm32f2xx.o(RESET)
</UL>
<P><STRONG><a name="[129]"></a>DMA2_Stream0_IRQHandler</STRONG> (Thumb, 0 bytes, Stack size 0 bytes, startup_stm32f2xx.o(.text))
<BR>[Address Reference Count : 1]<UL><LI> startup_stm32f2xx.o(RESET)
</UL>
<P><STRONG><a name="[12a]"></a>DMA2_Stream1_IRQHandler</STRONG> (Thumb, 0 bytes, Stack size 0 bytes, startup_stm32f2xx.o(.text))
<BR>[Address Reference Count : 1]<UL><LI> startup_stm32f2xx.o(RESET)
</UL>
<P><STRONG><a name="[12b]"></a>DMA2_Stream2_IRQHandler</STRONG> (Thumb, 0 bytes, Stack size 0 bytes, startup_stm32f2xx.o(.text))
<BR>[Address Reference Count : 1]<UL><LI> startup_stm32f2xx.o(RESET)
</UL>
<P><STRONG><a name="[12c]"></a>DMA2_Stream3_IRQHandler</STRONG> (Thumb, 0 bytes, Stack size 0 bytes, startup_stm32f2xx.o(.text))
<BR>[Address Reference Count : 1]<UL><LI> startup_stm32f2xx.o(RESET)
</UL>
<P><STRONG><a name="[12d]"></a>DMA2_Stream4_IRQHandler</STRONG> (Thumb, 0 bytes, Stack size 0 bytes, startup_stm32f2xx.o(.text))
<BR>[Address Reference Count : 1]<UL><LI> startup_stm32f2xx.o(RESET)
</UL>
<P><STRONG><a name="[135]"></a>DMA2_Stream5_IRQHandler</STRONG> (Thumb, 0 bytes, Stack size 0 bytes, startup_stm32f2xx.o(.text))
<BR>[Address Reference Count : 1]<UL><LI> startup_stm32f2xx.o(RESET)
</UL>
<P><STRONG><a name="[136]"></a>DMA2_Stream6_IRQHandler</STRONG> (Thumb, 0 bytes, Stack size 0 bytes, startup_stm32f2xx.o(.text))
<BR>[Address Reference Count : 1]<UL><LI> startup_stm32f2xx.o(RESET)
</UL>
<P><STRONG><a name="[137]"></a>DMA2_Stream7_IRQHandler</STRONG> (Thumb, 0 bytes, Stack size 0 bytes, startup_stm32f2xx.o(.text))
<BR>[Address Reference Count : 1]<UL><LI> startup_stm32f2xx.o(RESET)
</UL>
<P><STRONG><a name="[12e]"></a>ETH_IRQHandler</STRONG> (Thumb, 0 bytes, Stack size 0 bytes, startup_stm32f2xx.o(.text))
<BR>[Address Reference Count : 1]<UL><LI> startup_stm32f2xx.o(RESET)
</UL>
<P><STRONG><a name="[12f]"></a>ETH_WKUP_IRQHandler</STRONG> (Thumb, 0 bytes, Stack size 0 bytes, startup_stm32f2xx.o(.text))
<BR>[Address Reference Count : 1]<UL><LI> startup_stm32f2xx.o(RESET)
</UL>
<P><STRONG><a name="[f7]"></a>EXTI0_IRQHandler</STRONG> (Thumb, 0 bytes, Stack size 0 bytes, startup_stm32f2xx.o(.text))
<BR>[Address Reference Count : 1]<UL><LI> startup_stm32f2xx.o(RESET)
</UL>
<P><STRONG><a name="[119]"></a>EXTI15_10_IRQHandler</STRONG> (Thumb, 0 bytes, Stack size 0 bytes, startup_stm32f2xx.o(.text))
<BR>[Address Reference Count : 1]<UL><LI> startup_stm32f2xx.o(RESET)
</UL>
<P><STRONG><a name="[f8]"></a>EXTI1_IRQHandler</STRONG> (Thumb, 0 bytes, Stack size 0 bytes, startup_stm32f2xx.o(.text))
<BR>[Address Reference Count : 1]<UL><LI> startup_stm32f2xx.o(RESET)
</UL>
<P><STRONG><a name="[f9]"></a>EXTI2_IRQHandler</STRONG> (Thumb, 0 bytes, Stack size 0 bytes, startup_stm32f2xx.o(.text))
<BR>[Address Reference Count : 1]<UL><LI> startup_stm32f2xx.o(RESET)
</UL>
<P><STRONG><a name="[fa]"></a>EXTI3_IRQHandler</STRONG> (Thumb, 0 bytes, Stack size 0 bytes, startup_stm32f2xx.o(.text))
<BR>[Address Reference Count : 1]<UL><LI> startup_stm32f2xx.o(RESET)
</UL>
<P><STRONG><a name="[fb]"></a>EXTI4_IRQHandler</STRONG> (Thumb, 0 bytes, Stack size 0 bytes, startup_stm32f2xx.o(.text))
<BR>[Address Reference Count : 1]<UL><LI> startup_stm32f2xx.o(RESET)
</UL>
<P><STRONG><a name="[f5]"></a>FLASH_IRQHandler</STRONG> (Thumb, 0 bytes, Stack size 0 bytes, startup_stm32f2xx.o(.text))
<BR>[Address Reference Count : 1]<UL><LI> startup_stm32f2xx.o(RESET)
</UL>
<P><STRONG><a name="[121]"></a>FSMC_IRQHandler</STRONG> (Thumb, 0 bytes, Stack size 0 bytes, startup_stm32f2xx.o(.text))
<BR>[Address Reference Count : 1]<UL><LI> startup_stm32f2xx.o(RESET)
</UL>
<P><STRONG><a name="[141]"></a>HASH_RNG_IRQHandler</STRONG> (Thumb, 0 bytes, Stack size 0 bytes, startup_stm32f2xx.o(.text))
<BR>[Address Reference Count : 1]<UL><LI> startup_stm32f2xx.o(RESET)
</UL>
<P><STRONG><a name="[111]"></a>I2C1_ER_IRQHandler</STRONG> (Thumb, 0 bytes, Stack size 0 bytes, startup_stm32f2xx.o(.text))
<BR>[Address Reference Count : 1]<UL><LI> startup_stm32f2xx.o(RESET)
</UL>
<P><STRONG><a name="[110]"></a>I2C1_EV_IRQHandler</STRONG> (Thumb, 0 bytes, Stack size 0 bytes, startup_stm32f2xx.o(.text))
<BR>[Address Reference Count : 1]<UL><LI> startup_stm32f2xx.o(RESET)
</UL>
<P><STRONG><a name="[113]"></a>I2C2_ER_IRQHandler</STRONG> (Thumb, 0 bytes, Stack size 0 bytes, startup_stm32f2xx.o(.text))
<BR>[Address Reference Count : 1]<UL><LI> startup_stm32f2xx.o(RESET)
</UL>
<P><STRONG><a name="[112]"></a>I2C2_EV_IRQHandler</STRONG> (Thumb, 0 bytes, Stack size 0 bytes, startup_stm32f2xx.o(.text))
<BR>[Address Reference Count : 1]<UL><LI> startup_stm32f2xx.o(RESET)
</UL>
<P><STRONG><a name="[13a]"></a>I2C3_ER_IRQHandler</STRONG> (Thumb, 0 bytes, Stack size 0 bytes, startup_stm32f2xx.o(.text))
<BR>[Address Reference Count : 1]<UL><LI> startup_stm32f2xx.o(RESET)
</UL>
<P><STRONG><a name="[139]"></a>I2C3_EV_IRQHandler</STRONG> (Thumb, 0 bytes, Stack size 0 bytes, startup_stm32f2xx.o(.text))
<BR>[Address Reference Count : 1]<UL><LI> startup_stm32f2xx.o(RESET)
</UL>
<P><STRONG><a name="[11b]"></a>OTG_FS_WKUP_IRQHandler</STRONG> (Thumb, 0 bytes, Stack size 0 bytes, startup_stm32f2xx.o(.text))
<BR>[Address Reference Count : 1]<UL><LI> startup_stm32f2xx.o(RESET)
</UL>
<P><STRONG><a name="[13c]"></a>OTG_HS_EP1_IN_IRQHandler</STRONG> (Thumb, 0 bytes, Stack size 0 bytes, startup_stm32f2xx.o(.text))
<BR>[Address Reference Count : 1]<UL><LI> startup_stm32f2xx.o(RESET)
</UL>
<P><STRONG><a name="[13b]"></a>OTG_HS_EP1_OUT_IRQHandler</STRONG> (Thumb, 0 bytes, Stack size 0 bytes, startup_stm32f2xx.o(.text))
<BR>[Address Reference Count : 1]<UL><LI> startup_stm32f2xx.o(RESET)
</UL>
<P><STRONG><a name="[13e]"></a>OTG_HS_IRQHandler</STRONG> (Thumb, 0 bytes, Stack size 0 bytes, startup_stm32f2xx.o(.text))
<BR>[Address Reference Count : 1]<UL><LI> startup_stm32f2xx.o(RESET)
</UL>
<P><STRONG><a name="[13d]"></a>OTG_HS_WKUP_IRQHandler</STRONG> (Thumb, 0 bytes, Stack size 0 bytes, startup_stm32f2xx.o(.text))
<BR>[Address Reference Count : 1]<UL><LI> startup_stm32f2xx.o(RESET)
</UL>
<P><STRONG><a name="[f2]"></a>PVD_IRQHandler</STRONG> (Thumb, 0 bytes, Stack size 0 bytes, startup_stm32f2xx.o(.text))
<BR>[Address Reference Count : 1]<UL><LI> startup_stm32f2xx.o(RESET)
</UL>
<P><STRONG><a name="[f6]"></a>RCC_IRQHandler</STRONG> (Thumb, 0 bytes, Stack size 0 bytes, startup_stm32f2xx.o(.text))
<BR>[Address Reference Count : 1]<UL><LI> startup_stm32f2xx.o(RESET)
</UL>
<P><STRONG><a name="[11a]"></a>RTC_Alarm_IRQHandler</STRONG> (Thumb, 0 bytes, Stack size 0 bytes, startup_stm32f2xx.o(.text))
<BR>[Address Reference Count : 1]<UL><LI> startup_stm32f2xx.o(RESET)
</UL>
<P><STRONG><a name="[f4]"></a>RTC_WKUP_IRQHandler</STRONG> (Thumb, 0 bytes, Stack size 0 bytes, startup_stm32f2xx.o(.text))
<BR>[Address Reference Count : 1]<UL><LI> startup_stm32f2xx.o(RESET)
</UL>
<P><STRONG><a name="[122]"></a>SDIO_IRQHandler</STRONG> (Thumb, 0 bytes, Stack size 0 bytes, startup_stm32f2xx.o(.text))
<BR>[Address Reference Count : 1]<UL><LI> startup_stm32f2xx.o(RESET)
</UL>
<P><STRONG><a name="[114]"></a>SPI1_IRQHandler</STRONG> (Thumb, 0 bytes, Stack size 0 bytes, startup_stm32f2xx.o(.text))
<BR>[Address Reference Count : 1]<UL><LI> startup_stm32f2xx.o(RESET)
</UL>
<P><STRONG><a name="[115]"></a>SPI2_IRQHandler</STRONG> (Thumb, 0 bytes, Stack size 0 bytes, startup_stm32f2xx.o(.text))
<BR>[Address Reference Count : 1]<UL><LI> startup_stm32f2xx.o(RESET)
</UL>
<P><STRONG><a name="[124]"></a>SPI3_IRQHandler</STRONG> (Thumb, 0 bytes, Stack size 0 bytes, startup_stm32f2xx.o(.text))
<BR>[Address Reference Count : 1]<UL><LI> startup_stm32f2xx.o(RESET)
</UL>
<P><STRONG><a name="[f3]"></a>TAMP_STAMP_IRQHandler</STRONG> (Thumb, 0 bytes, Stack size 0 bytes, startup_stm32f2xx.o(.text))
<BR>[Address Reference Count : 1]<UL><LI> startup_stm32f2xx.o(RESET)
</UL>
<P><STRONG><a name="[109]"></a>TIM1_BRK_TIM9_IRQHandler</STRONG> (Thumb, 0 bytes, Stack size 0 bytes, startup_stm32f2xx.o(.text))
<BR>[Address Reference Count : 1]<UL><LI> startup_stm32f2xx.o(RESET)
</UL>
<P><STRONG><a name="[10c]"></a>TIM1_CC_IRQHandler</STRONG> (Thumb, 0 bytes, Stack size 0 bytes, startup_stm32f2xx.o(.text))
<BR>[Address Reference Count : 1]<UL><LI> startup_stm32f2xx.o(RESET)
</UL>
<P><STRONG><a name="[10b]"></a>TIM1_TRG_COM_TIM11_IRQHandler</STRONG> (Thumb, 0 bytes, Stack size 0 bytes, startup_stm32f2xx.o(.text))
<BR>[Address Reference Count : 1]<UL><LI> startup_stm32f2xx.o(RESET)
</UL>
<P><STRONG><a name="[10a]"></a>TIM1_UP_TIM10_IRQHandler</STRONG> (Thumb, 0 bytes, Stack size 0 bytes, startup_stm32f2xx.o(.text))
<BR>[Address Reference Count : 1]<UL><LI> startup_stm32f2xx.o(RESET)
</UL>
<P><STRONG><a name="[10d]"></a>TIM2_IRQHandler</STRONG> (Thumb, 0 bytes, Stack size 0 bytes, startup_stm32f2xx.o(.text))
<BR>[Address Reference Count : 1]<UL><LI> startup_stm32f2xx.o(RESET)
</UL>
<P><STRONG><a name="[10f]"></a>TIM4_IRQHandler</STRONG> (Thumb, 0 bytes, Stack size 0 bytes, startup_stm32f2xx.o(.text))
<BR>[Address Reference Count : 1]<UL><LI> startup_stm32f2xx.o(RESET)
</UL>
<P><STRONG><a name="[127]"></a>TIM6_DAC_IRQHandler</STRONG> (Thumb, 0 bytes, Stack size 0 bytes, startup_stm32f2xx.o(.text))
<BR>[Address Reference Count : 1]<UL><LI> startup_stm32f2xx.o(RESET)
</UL>
<P><STRONG><a name="[128]"></a>TIM7_IRQHandler</STRONG> (Thumb, 0 bytes, Stack size 0 bytes, startup_stm32f2xx.o(.text))
<BR>[Address Reference Count : 1]<UL><LI> startup_stm32f2xx.o(RESET)
</UL>
<P><STRONG><a name="[11c]"></a>TIM8_BRK_TIM12_IRQHandler</STRONG> (Thumb, 0 bytes, Stack size 0 bytes, startup_stm32f2xx.o(.text))
<BR>[Address Reference Count : 1]<UL><LI> startup_stm32f2xx.o(RESET)
</UL>
<P><STRONG><a name="[11f]"></a>TIM8_CC_IRQHandler</STRONG> (Thumb, 0 bytes, Stack size 0 bytes, startup_stm32f2xx.o(.text))
<BR>[Address Reference Count : 1]<UL><LI> startup_stm32f2xx.o(RESET)
</UL>
<P><STRONG><a name="[11e]"></a>TIM8_TRG_COM_TIM14_IRQHandler</STRONG> (Thumb, 0 bytes, Stack size 0 bytes, startup_stm32f2xx.o(.text))
<BR>[Address Reference Count : 1]<UL><LI> startup_stm32f2xx.o(RESET)
</UL>
<P><STRONG><a name="[11d]"></a>TIM8_UP_TIM13_IRQHandler</STRONG> (Thumb, 0 bytes, Stack size 0 bytes, startup_stm32f2xx.o(.text))
<BR>[Address Reference Count : 1]<UL><LI> startup_stm32f2xx.o(RESET)
</UL>
<P><STRONG><a name="[138]"></a>USART6_IRQHandler</STRONG> (Thumb, 0 bytes, Stack size 0 bytes, startup_stm32f2xx.o(.text))
<BR>[Address Reference Count : 1]<UL><LI> startup_stm32f2xx.o(RESET)
</UL>
<P><STRONG><a name="[f1]"></a>WWDG_IRQHandler</STRONG> (Thumb, 0 bytes, Stack size 0 bytes, startup_stm32f2xx.o(.text))
<BR>[Address Reference Count : 1]<UL><LI> startup_stm32f2xx.o(RESET)
</UL>
<P><STRONG><a name="[40f]"></a>rt_hw_interrupt_disable</STRONG> (Thumb, 8 bytes, Stack size 0 bytes, context_rvds.o(.text))
<BR><BR>[Called By]<UL><LI><a href="#[4df]">&gt;&gt;</a>&nbsp;&nbsp;&nbsp;rt_exit_critical
<LI><a href="#[4de]">&gt;&gt;</a>&nbsp;&nbsp;&nbsp;rt_enter_critical
<LI><a href="#[456]">&gt;&gt;</a>&nbsp;&nbsp;&nbsp;rt_mb_recv
<LI><a href="#[29e]">&gt;&gt;</a>&nbsp;&nbsp;&nbsp;rt_malloc
<LI><a href="#[2a8]">&gt;&gt;</a>&nbsp;&nbsp;&nbsp;rt_free
<LI><a href="#[5e5]">&gt;&gt;</a>&nbsp;&nbsp;&nbsp;rt_system_heap_init
<LI><a href="#[142]">&gt;&gt;</a>&nbsp;&nbsp;&nbsp;main
<LI><a href="#[27b]">&gt;&gt;</a>&nbsp;&nbsp;&nbsp;rt_sem_take
<LI><a href="#[27f]">&gt;&gt;</a>&nbsp;&nbsp;&nbsp;rt_sem_release
<LI><a href="#[395]">&gt;&gt;</a>&nbsp;&nbsp;&nbsp;rt_mq_send
<LI><a href="#[37b]">&gt;&gt;</a>&nbsp;&nbsp;&nbsp;rt_interrupt_leave
<LI><a href="#[379]">&gt;&gt;</a>&nbsp;&nbsp;&nbsp;rt_interrupt_enter
<LI><a href="#[566]">&gt;&gt;</a>&nbsp;&nbsp;&nbsp;rt_timer_start
<LI><a href="#[2b7]">&gt;&gt;</a>&nbsp;&nbsp;&nbsp;rt_mq_recv
<LI><a href="#[5eb]">&gt;&gt;</a>&nbsp;&nbsp;&nbsp;rt_timer_detach
<LI><a href="#[5ea]">&gt;&gt;</a>&nbsp;&nbsp;&nbsp;rt_thread_sleep
<LI><a href="#[5e9]">&gt;&gt;</a>&nbsp;&nbsp;&nbsp;rt_thread_delete
<LI><a href="#[15f]">&gt;&gt;</a>&nbsp;&nbsp;&nbsp;rt_thread_exit
<LI><a href="#[5e0]">&gt;&gt;</a>&nbsp;&nbsp;&nbsp;rt_schedule_remove_thread
<LI><a href="#[5df]">&gt;&gt;</a>&nbsp;&nbsp;&nbsp;rt_schedule_insert_thread
<LI><a href="#[40e]">&gt;&gt;</a>&nbsp;&nbsp;&nbsp;_rt_scheduler_stack_check
<LI><a href="#[5d1]">&gt;&gt;</a>&nbsp;&nbsp;&nbsp;rt_thread_suspend
<LI><a href="#[5cf]">&gt;&gt;</a>&nbsp;&nbsp;&nbsp;rt_thread_resume
<LI><a href="#[5d8]">&gt;&gt;</a>&nbsp;&nbsp;&nbsp;rt_thread_control
<LI><a href="#[5c9]">&gt;&gt;</a>&nbsp;&nbsp;&nbsp;rt_schedule
<LI><a href="#[49b]">&gt;&gt;</a>&nbsp;&nbsp;&nbsp;rt_mutex_take
<LI><a href="#[49f]">&gt;&gt;</a>&nbsp;&nbsp;&nbsp;rt_mutex_release
<LI><a href="#[5d6]">&gt;&gt;</a>&nbsp;&nbsp;&nbsp;rt_mb_send_wait
<LI><a href="#[5d9]">&gt;&gt;</a>&nbsp;&nbsp;&nbsp;rt_object_delete
<LI><a href="#[5fe]">&gt;&gt;</a>&nbsp;&nbsp;&nbsp;rt_thread_idle_excute
<LI><a href="#[5c6]">&gt;&gt;</a>&nbsp;&nbsp;&nbsp;rt_object_init
<LI><a href="#[5c7]">&gt;&gt;</a>&nbsp;&nbsp;&nbsp;rt_object_detach
<LI><a href="#[603]">&gt;&gt;</a>&nbsp;&nbsp;&nbsp;rt_timer_check
<LI><a href="#[602]">&gt;&gt;</a>&nbsp;&nbsp;&nbsp;rt_thread_yield
</UL>

<P><STRONG><a name="[5c8]"></a>rt_hw_interrupt_enable</STRONG> (Thumb, 6 bytes, Stack size 0 bytes, context_rvds.o(.text))
<BR><BR>[Called By]<UL><LI><a href="#[4df]">&gt;&gt;</a>&nbsp;&nbsp;&nbsp;rt_exit_critical
<LI><a href="#[4de]">&gt;&gt;</a>&nbsp;&nbsp;&nbsp;rt_enter_critical
<LI><a href="#[456]">&gt;&gt;</a>&nbsp;&nbsp;&nbsp;rt_mb_recv
<LI><a href="#[29e]">&gt;&gt;</a>&nbsp;&nbsp;&nbsp;rt_malloc
<LI><a href="#[2a8]">&gt;&gt;</a>&nbsp;&nbsp;&nbsp;rt_free
<LI><a href="#[5e5]">&gt;&gt;</a>&nbsp;&nbsp;&nbsp;rt_system_heap_init
<LI><a href="#[27b]">&gt;&gt;</a>&nbsp;&nbsp;&nbsp;rt_sem_take
<LI><a href="#[27f]">&gt;&gt;</a>&nbsp;&nbsp;&nbsp;rt_sem_release
<LI><a href="#[395]">&gt;&gt;</a>&nbsp;&nbsp;&nbsp;rt_mq_send
<LI><a href="#[37b]">&gt;&gt;</a>&nbsp;&nbsp;&nbsp;rt_interrupt_leave
<LI><a href="#[379]">&gt;&gt;</a>&nbsp;&nbsp;&nbsp;rt_interrupt_enter
<LI><a href="#[566]">&gt;&gt;</a>&nbsp;&nbsp;&nbsp;rt_timer_start
<LI><a href="#[2b7]">&gt;&gt;</a>&nbsp;&nbsp;&nbsp;rt_mq_recv
<LI><a href="#[5eb]">&gt;&gt;</a>&nbsp;&nbsp;&nbsp;rt_timer_detach
<LI><a href="#[5ea]">&gt;&gt;</a>&nbsp;&nbsp;&nbsp;rt_thread_sleep
<LI><a href="#[5e9]">&gt;&gt;</a>&nbsp;&nbsp;&nbsp;rt_thread_delete
<LI><a href="#[15f]">&gt;&gt;</a>&nbsp;&nbsp;&nbsp;rt_thread_exit
<LI><a href="#[5e0]">&gt;&gt;</a>&nbsp;&nbsp;&nbsp;rt_schedule_remove_thread
<LI><a href="#[5df]">&gt;&gt;</a>&nbsp;&nbsp;&nbsp;rt_schedule_insert_thread
<LI><a href="#[5d1]">&gt;&gt;</a>&nbsp;&nbsp;&nbsp;rt_thread_suspend
<LI><a href="#[5cf]">&gt;&gt;</a>&nbsp;&nbsp;&nbsp;rt_thread_resume
<LI><a href="#[5d8]">&gt;&gt;</a>&nbsp;&nbsp;&nbsp;rt_thread_control
<LI><a href="#[5c9]">&gt;&gt;</a>&nbsp;&nbsp;&nbsp;rt_schedule
<LI><a href="#[49b]">&gt;&gt;</a>&nbsp;&nbsp;&nbsp;rt_mutex_take
<LI><a href="#[49f]">&gt;&gt;</a>&nbsp;&nbsp;&nbsp;rt_mutex_release
<LI><a href="#[5d6]">&gt;&gt;</a>&nbsp;&nbsp;&nbsp;rt_mb_send_wait
<LI><a href="#[5d9]">&gt;&gt;</a>&nbsp;&nbsp;&nbsp;rt_object_delete
<LI><a href="#[5fe]">&gt;&gt;</a>&nbsp;&nbsp;&nbsp;rt_thread_idle_excute
<LI><a href="#[5c6]">&gt;&gt;</a>&nbsp;&nbsp;&nbsp;rt_object_init
<LI><a href="#[5c7]">&gt;&gt;</a>&nbsp;&nbsp;&nbsp;rt_object_detach
<LI><a href="#[603]">&gt;&gt;</a>&nbsp;&nbsp;&nbsp;rt_timer_check
<LI><a href="#[602]">&gt;&gt;</a>&nbsp;&nbsp;&nbsp;rt_thread_yield
</UL>

<P><STRONG><a name="[5de]"></a>rt_hw_context_switch</STRONG> (Thumb, 32 bytes, Stack size 0 bytes, context_rvds.o(.text))
<BR><BR>[Called By]<UL><LI><a href="#[5c9]">&gt;&gt;</a>&nbsp;&nbsp;&nbsp;rt_schedule
</UL>

<P><STRONG><a name="[5dd]"></a>rt_hw_context_switch_interrupt</STRONG> (Thumb, 0 bytes, Stack size 0 bytes, context_rvds.o(.text))
<BR><BR>[Called By]<UL><LI><a href="#[5c9]">&gt;&gt;</a>&nbsp;&nbsp;&nbsp;rt_schedule
</UL>

<P><STRONG><a name="[ef]"></a>PendSV_Handler</STRONG> (Thumb, 60 bytes, Stack size 0 bytes, context_rvds.o(.text))
<BR>[Address Reference Count : 1]<UL><LI> startup_stm32f2xx.o(RESET)
</UL>
<P><STRONG><a name="[5e7]"></a>rt_hw_context_switch_to</STRONG> (Thumb, 46 bytes, Stack size 0 bytes, context_rvds.o(.text))
<BR><BR>[Called By]<UL><LI><a href="#[5e6]">&gt;&gt;</a>&nbsp;&nbsp;&nbsp;rt_system_scheduler_start
</UL>

<P><STRONG><a name="[e9]"></a>HardFault_Handler</STRONG> (Thumb, 20 bytes, Stack size 0 bytes, context_rvds.o(.text))
<BR><BR>[Calls]<UL><LI><a href="#[24e]">&gt;&gt;</a>&nbsp;&nbsp;&nbsp;rt_hw_hard_fault_exception
</UL>
<BR>[Address Reference Count : 1]<UL><LI> startup_stm32f2xx.o(RESET)
</UL>
<P><STRONG><a name="[24f]"></a>__aeabi_ldivmod</STRONG> (Thumb, 98 bytes, Stack size 0 bytes, ldiv.o(.text))
<BR><BR>[Calls]<UL><LI><a href="#[250]">&gt;&gt;</a>&nbsp;&nbsp;&nbsp;__aeabi_uldivmod
</UL>
<BR>[Called By]<UL><LI><a href="#[461]">&gt;&gt;</a>&nbsp;&nbsp;&nbsp;calc_distance
<LI><a href="#[51e]">&gt;&gt;</a>&nbsp;&nbsp;&nbsp;process_rmc
<LI><a href="#[336]">&gt;&gt;</a>&nbsp;&nbsp;&nbsp;PulseCoCal
<LI><a href="#[4c0]">&gt;&gt;</a>&nbsp;&nbsp;&nbsp;display
</UL>

<P><STRONG><a name="[251]"></a>__rt_ctype_table</STRONG> (Thumb, 4 bytes, Stack size 0 bytes, ctype_o.o(.text))
<BR><BR>[Called By]<UL><LI><a href="#[620]">&gt;&gt;</a>&nbsp;&nbsp;&nbsp;token_proc_number
<LI><a href="#[148]">&gt;&gt;</a>&nbsp;&nbsp;&nbsp;isspace
<LI><a href="#[25b]">&gt;&gt;</a>&nbsp;&nbsp;&nbsp;strtol
</UL>

<P><STRONG><a name="[148]"></a>isspace</STRONG> (Thumb, 18 bytes, Stack size 0 bytes, isspace_o.o(.text))
<BR><BR>[Calls]<UL><LI><a href="#[251]">&gt;&gt;</a>&nbsp;&nbsp;&nbsp;__rt_ctype_table
</UL>
<BR>[Address Reference Count : 1]<UL><LI> scanf_char.o(.text)
</UL>
<P><STRONG><a name="[279]"></a>__aeabi_memcpy</STRONG> (Thumb, 36 bytes, Stack size 0 bytes, memcpya.o(.text))
<BR><BR>[Called By]<UL><LI><a href="#[298]">&gt;&gt;</a>&nbsp;&nbsp;&nbsp;Cam_Flash_FindPicID
<LI><a href="#[2a2]">&gt;&gt;</a>&nbsp;&nbsp;&nbsp;Cam_add_tx_pic_getdata
<LI><a href="#[43c]">&gt;&gt;</a>&nbsp;&nbsp;&nbsp;area_get_alarm
<LI><a href="#[51f]">&gt;&gt;</a>&nbsp;&nbsp;&nbsp;process_gps_report
<LI><a href="#[43a]">&gt;&gt;</a>&nbsp;&nbsp;&nbsp;sst25_write_back
<LI><a href="#[4db]">&gt;&gt;</a>&nbsp;&nbsp;&nbsp;param_fact_set
<LI><a href="#[53b]">&gt;&gt;</a>&nbsp;&nbsp;&nbsp;jt808_0x8104_fill_data
<LI><a href="#[515]">&gt;&gt;</a>&nbsp;&nbsp;&nbsp;get_param_and_fill_buf
<LI><a href="#[1ec]">&gt;&gt;</a>&nbsp;&nbsp;&nbsp;deviceid
<LI><a href="#[1e9]">&gt;&gt;</a>&nbsp;&nbsp;&nbsp;param_out
<LI><a href="#[2be]">&gt;&gt;</a>&nbsp;&nbsp;&nbsp;lcd_text12
<LI><a href="#[2c2]">&gt;&gt;</a>&nbsp;&nbsp;&nbsp;CheckICCard
[...]
</UL>
<P><STRONG><a name="[c2]"></a>show</STRONG> (Thumb, 30 bytes, Stack size 0 bytes, menu_flash_err.o(i.show))
<BR><BR>[Calls]<UL><LI><a href="#[2b8]">&gt;&gt;</a>&nbsp;&nbsp;&nbsp;rt_tick_get
<LI><a href="#[4c6]">&gt;&gt;</a>&nbsp;&nbsp;&nbsp;display
</UL>
<BR>[Address Reference Count : 1]<UL><LI> menu_flash_err.o(.data)
</UL>
<P><STRONG><a name="[c4]"></a>timetick</STRONG> (Thumb, 64 bytes, Stack size 0 bytes, menu_flash_err.o(i.timetick))
<BR><BR>[Calls]<UL><LI><a href="#[1e0]">&gt;&gt;</a>&nbsp;&nbsp;&nbsp;reset
<LI><a href="#[213]">&gt;&gt;</a>&nbsp;&nbsp;&nbsp;gsmstate
</UL>
<BR>[Address Reference Count : 1]<UL><LI> menu_flash_err.o(.data)
</UL>
<P><STRONG><a name="[4c9]"></a>display_dns</STRONG> (Thumb, 112 bytes, Stack size 0 bytes, menu_8_setdns.o(i.display_dns))
<BR><BR>[Calls]<UL><LI><a href="#[2c0]">&gt;&gt;</a>&nbsp;&nbsp;&nbsp;lcd_update_all
<LI><a href="#[2be]">&gt;&gt;</a>&nbsp;&nbsp;&nbsp;lcd_text12
<LI><a href="#[2bd]">&gt;&gt;</a>&nbsp;&nbsp;&nbsp;lcd_fill
<LI><a href="#[4ca]">&gt;&gt;</a>&nbsp;&nbsp;&nbsp;menuswitch
</UL>
<BR>[Called By]<UL><LI><a href="#[c6]">&gt;&gt;</a>&nbsp;&nbsp;&nbsp;show
<LI><a href="#[c7]">&gt;&gt;</a>&nbsp;&nbsp;&nbsp;keypress
</UL>

<P><STRONG><a name="[c7]"></a>keypress</STRONG> (Thumb, 264 bytes, Stack size 0 bytes, menu_8_setdns.o(i.keypress))
<BR><BR>[Calls]<UL><LI><a href="#[32e]">&gt;&gt;</a>&nbsp;&nbsp;&nbsp;jt808_tx_lock
<LI><a href="#[4c9]">&gt;&gt;</a>&nbsp;&nbsp;&nbsp;display_dns
<LI><a href="#[575]">&gt;&gt;</a>&nbsp;&nbsp;&nbsp;lcd_set_param
</UL>
<BR>[Address Reference Count : 1]<UL><LI> menu_8_setdns.o(.data)
</UL>
<P><STRONG><a name="[4ca]"></a>menuswitch</STRONG> (Thumb, 116 bytes, Stack size 0 bytes, menu_8_setdns.o(i.menuswitch))
<BR><BR>[Calls]<UL><LI><a href="#[2be]">&gt;&gt;</a>&nbsp;&nbsp;&nbsp;lcd_text12
<LI><a href="#[2bf]">&gt;&gt;</a>&nbsp;&nbsp;&nbsp;lcd_bitmap
</UL>
<BR>[Called By]<UL><LI><a href="#[4c9]">&gt;&gt;</a>&nbsp;&nbsp;&nbsp;display_dns
</UL>

<P><STRONG><a name="[c9]"></a>msg</STRONG> (Thumb, 2 bytes, Stack size 0 bytes, menu_8_setdns.o(i.msg))
<BR>[Address Reference Count : 1]<UL><LI> menu_8_setdns.o(.data)
</UL>
<P><STRONG><a name="[c6]"></a>show</STRONG> (Thumb, 26 bytes, Stack size 0 bytes, menu_8_setdns.o(i.show))
<BR><BR>[Calls]<UL><LI><a href="#[299]">&gt;&gt;</a>&nbsp;&nbsp;&nbsp;rt_kprintf
<LI><a href="#[4c9]">&gt;&gt;</a>&nbsp;&nbsp;&nbsp;display_dns
</UL>
<BR>[Address Reference Count : 1]<UL><LI> menu_8_setdns.o(.data)
</UL>
<P><STRONG><a name="[c8]"></a>timetick</STRONG> (Thumb, 40 bytes, Stack size 0 bytes, menu_8_setdns.o(i.timetick))
<BR>[Address Reference Count : 1]<UL><LI> menu_8_setdns.o(.data)
</UL>
<P><STRONG><a name="[cb]"></a>keypress</STRONG> (Thumb, 112 bytes, Stack size 0 bytes, menu_0_2_speedtype.o(i.keypress))
<BR><BR>[Calls]<UL><LI><a href="#[1e7]">&gt;&gt;</a>&nbsp;&nbsp;&nbsp;param_save
<LI><a href="#[576]">&gt;&gt;</a>&nbsp;&nbsp;&nbsp;type_disp
</UL>
<BR>[Address Reference Count : 1]<UL><LI> menu_0_2_speedtype.o(.data)
</UL>
<P><STRONG><a name="[cd]"></a>msg</STRONG> (Thumb, 2 bytes, Stack size 0 bytes, menu_0_2_speedtype.o(i.msg))
<BR>[Address Reference Count : 1]<UL><LI> menu_0_2_speedtype.o(.data)
</UL>
<P><STRONG><a name="[ca]"></a>show</STRONG> (Thumb, 28 bytes, Stack size 0 bytes, menu_0_2_speedtype.o(i.show))
<BR><BR>[Calls]<UL><LI><a href="#[576]">&gt;&gt;</a>&nbsp;&nbsp;&nbsp;type_disp
</UL>
<BR>[Address Reference Count : 1]<UL><LI> menu_0_2_speedtype.o(.data)
</UL>
<P><STRONG><a name="[cc]"></a>timetick</STRONG> (Thumb, 2 bytes, Stack size 0 bytes, menu_0_2_speedtype.o(i.timetick))
<BR>[Address Reference Count : 1]<UL><LI> menu_0_2_speedtype.o(.data)
</UL>
<P><STRONG><a name="[576]"></a>type_disp</STRONG> (Thumb, 102 bytes, Stack size 0 bytes, menu_0_2_speedtype.o(i.type_disp))
<BR><BR>[Calls]<UL><LI><a href="#[2c0]">&gt;&gt;</a>&nbsp;&nbsp;&nbsp;lcd_update_all
<LI><a href="#[2be]">&gt;&gt;</a>&nbsp;&nbsp;&nbsp;lcd_text12
<LI><a href="#[2bd]">&gt;&gt;</a>&nbsp;&nbsp;&nbsp;lcd_fill
</UL>
<BR>[Called By]<UL><LI><a href="#[ca]">&gt;&gt;</a>&nbsp;&nbsp;&nbsp;show
<LI><a href="#[cb]">&gt;&gt;</a>&nbsp;&nbsp;&nbsp;keypress
</UL>

<P><STRONG><a name="[cf]"></a>keypress</STRONG> (Thumb, 280 bytes, Stack size 0 bytes, menu_setting_param.o(i.keypress))
<BR><BR>[Calls]<UL><LI><a href="#[577]">&gt;&gt;</a>&nbsp;&nbsp;&nbsp;param_set_disp
<LI><a href="#[281]">&gt;&gt;</a>&nbsp;&nbsp;&nbsp;strlen
</UL>
<BR>[Address Reference Count : 1]<UL><LI> menu_setting_param.o(.data)
</UL>
<P><STRONG><a name="[d1]"></a>msg</STRONG> (Thumb, 2 bytes, Stack size 0 bytes, menu_setting_param.o(i.msg))
<BR>[Address Reference Count : 1]<UL><LI> menu_setting_param.o(.data)
</UL>
<P><STRONG><a name="[577]"></a>param_set_disp</STRONG> (Thumb, 286 bytes, Stack size 0 bytes, menu_setting_param.o(i.param_set_disp))
<BR><BR>[Calls]<UL><LI><a href="#[2c0]">&gt;&gt;</a>&nbsp;&nbsp;&nbsp;lcd_update_all
<LI><a href="#[2be]">&gt;&gt;</a>&nbsp;&nbsp;&nbsp;lcd_text12
<LI><a href="#[2bd]">&gt;&gt;</a>&nbsp;&nbsp;&nbsp;lcd_fill
<LI><a href="#[2bf]">&gt;&gt;</a>&nbsp;&nbsp;&nbsp;lcd_bitmap
<LI><a href="#[281]">&gt;&gt;</a>&nbsp;&nbsp;&nbsp;strlen
</UL>
<BR>[Called By]<UL><LI><a href="#[ce]">&gt;&gt;</a>&nbsp;&nbsp;&nbsp;show
<LI><a href="#[cf]">&gt;&gt;</a>&nbsp;&nbsp;&nbsp;keypress
</UL>

<P><STRONG><a name="[ce]"></a>show</STRONG> (Thumb, 28 bytes, Stack size 0 bytes, menu_setting_param.o(i.show))
<BR><BR>[Calls]<UL><LI><a href="#[577]">&gt;&gt;</a>&nbsp;&nbsp;&nbsp;param_set_disp
</UL>
<BR>[Address Reference Count : 1]<UL><LI> menu_setting_param.o(.data)
</UL>
<P><STRONG><a name="[d0]"></a>timetick</STRONG> (Thumb, 38 bytes, Stack size 0 bytes, menu_setting_param.o(i.timetick))
<BR>[Address Reference Count : 1]<UL><LI> menu_setting_param.o(.data)
</UL>
<P><STRONG><a name="[d3]"></a>keypress</STRONG> (Thumb, 1604 bytes, Stack size 0 bytes, menu_8_1_maindnsport.o(i.keypress))
<BR><BR>[Calls]<UL><LI><a href="#[2c0]">&gt;&gt;</a>&nbsp;&nbsp;&nbsp;lcd_update_all
<LI><a href="#[2be]">&gt;&gt;</a>&nbsp;&nbsp;&nbsp;lcd_text12
<LI><a href="#[2bd]">&gt;&gt;</a>&nbsp;&nbsp;&nbsp;lcd_fill
<LI><a href="#[1e7]">&gt;&gt;</a>&nbsp;&nbsp;&nbsp;param_save
<LI><a href="#[299]">&gt;&gt;</a>&nbsp;&nbsp;&nbsp;rt_kprintf
<LI><a href="#[332]">&gt;&gt;</a>&nbsp;&nbsp;&nbsp;MainDns_Type_Sel
<LI><a href="#[331]">&gt;&gt;</a>&nbsp;&nbsp;&nbsp;MainDns_Set
<LI><a href="#[281]">&gt;&gt;</a>&nbsp;&nbsp;&nbsp;strlen
<LI><a href="#[252]">&gt;&gt;</a>&nbsp;&nbsp;&nbsp;__aeabi_memclr
<LI><a href="#[279]">&gt;&gt;</a>&nbsp;&nbsp;&nbsp;__aeabi_memcpy
</UL>
<BR>[Address Reference Count : 1]<UL><LI> menu_8_1_maindnsport.o(.data)
</UL>
<P><STRONG><a name="[d5]"></a>msg</STRONG> (Thumb, 2 bytes, Stack size 0 bytes, menu_8_1_maindnsport.o(i.msg))
<BR>[Address Reference Count : 1]<UL><LI> menu_8_1_maindnsport.o(.data)
</UL>
<P><STRONG><a name="[d2]"></a>show</STRONG> (Thumb, 22 bytes, Stack size 0 bytes, menu_8_1_maindnsport.o(i.show))
<BR><BR>[Calls]<UL><LI><a href="#[332]">&gt;&gt;</a>&nbsp;&nbsp;&nbsp;MainDns_Type_Sel
</UL>
<BR>[Address Reference Count : 1]<UL><LI> menu_8_1_maindnsport.o(.data)
</UL>
<P><STRONG><a name="[d4]"></a>timetick</STRONG> (Thumb, 2 bytes, Stack size 0 bytes, menu_8_1_maindnsport.o(i.timetick))
<BR>[Address Reference Count : 1]<UL><LI> menu_8_1_maindnsport.o(.data)
</UL>
<P><STRONG><a name="[d7]"></a>keypress</STRONG> (Thumb, 86 bytes, Stack size 0 bytes, menu_1_menu.o(i.keypress))
<BR><BR>[Calls]<UL><LI><a href="#[578]">&gt;&gt;</a>&nbsp;&nbsp;&nbsp;menuswitch
</UL>
<BR>[Address Reference Count : 1]<UL><LI> menu_1_menu.o(.data)
</UL>
<P><STRONG><a name="[578]"></a>menuswitch</STRONG> (Thumb, 120 bytes, Stack size 0 bytes, menu_1_menu.o(i.menuswitch))
<BR><BR>[Calls]<UL><LI><a href="#[2c0]">&gt;&gt;</a>&nbsp;&nbsp;&nbsp;lcd_update_all
<LI><a href="#[2be]">&gt;&gt;</a>&nbsp;&nbsp;&nbsp;lcd_text12
<LI><a href="#[2bd]">&gt;&gt;</a>&nbsp;&nbsp;&nbsp;lcd_fill
<LI><a href="#[281]">&gt;&gt;</a>&nbsp;&nbsp;&nbsp;strlen
<LI><a href="#[2b9]">&gt;&gt;</a>&nbsp;&nbsp;&nbsp;__2sprintf
</UL>
<BR>[Called By]<UL><LI><a href="#[d6]">&gt;&gt;</a>&nbsp;&nbsp;&nbsp;show
<LI><a href="#[d7]">&gt;&gt;</a>&nbsp;&nbsp;&nbsp;keypress
</UL>

<P><STRONG><a name="[d8]"></a>msg</STRONG> (Thumb, 2 bytes, Stack size 0 bytes, menu_1_menu.o(i.msg))
<BR>[Address Reference Count : 1]<UL><LI> menu_1_menu.o(.data)
</UL>
<P><STRONG><a name="[d6]"></a>show</STRONG> (Thumb, 48 bytes, Stack size 0 bytes, menu_1_menu.o(i.show))
<BR><BR>[Calls]<UL><LI><a href="#[2b8]">&gt;&gt;</a>&nbsp;&nbsp;&nbsp;rt_tick_get
<LI><a href="#[578]">&gt;&gt;</a>&nbsp;&nbsp;&nbsp;menuswitch
</UL>
<BR>[Address Reference Count : 1]<UL><LI> menu_1_menu.o(.data)
</UL>
<P><STRONG><a name="[da]"></a>keypress</STRONG> (Thumb, 16 bytes, Stack size 0 bytes, menu_4_3_pulsecoefficient.o(i.keypress))
<BR>[Address Reference Count : 1]<UL><LI> menu_4_3_pulsecoefficient.o(.data)
</UL>
<P><STRONG><a name="[db]"></a>msg</STRONG> (Thumb, 2 bytes, Stack size 0 bytes, menu_4_3_pulsecoefficient.o(i.msg))
<BR>[Address Reference Count : 1]<UL><LI> menu_4_3_pulsecoefficient.o(.data)
</UL>
<P><STRONG><a name="[d9]"></a>show</STRONG> (Thumb, 88 bytes, Stack size 0 bytes, menu_4_3_pulsecoefficient.o(i.show))
<BR><BR>[Calls]<UL><LI><a href="#[2c0]">&gt;&gt;</a>&nbsp;&nbsp;&nbsp;lcd_update_all
<LI><a href="#[2be]">&gt;&gt;</a>&nbsp;&nbsp;&nbsp;lcd_text12
<LI><a href="#[2bd]">&gt;&gt;</a>&nbsp;&nbsp;&nbsp;lcd_fill
<LI><a href="#[281]">&gt;&gt;</a>&nbsp;&nbsp;&nbsp;strlen
<LI><a href="#[2b9]">&gt;&gt;</a>&nbsp;&nbsp;&nbsp;__2sprintf
</UL>
<BR>[Address Reference Count : 1]<UL><LI> menu_4_3_pulsecoefficient.o(.data)
</UL>
<P><STRONG><a name="[4af]"></a>dis_pro</STRONG> (Thumb, 114 bytes, Stack size 0 bytes, menu_4_4_exportdata.o(i.dis_pro))
<BR><BR>[Calls]<UL><LI><a href="#[2c0]">&gt;&gt;</a>&nbsp;&nbsp;&nbsp;lcd_update_all
<LI><a href="#[2be]">&gt;&gt;</a>&nbsp;&nbsp;&nbsp;lcd_text12
<LI><a href="#[2bd]">&gt;&gt;</a>&nbsp;&nbsp;&nbsp;lcd_fill
</UL>
<BR>[Called By]<UL><LI><a href="#[de]">&gt;&gt;</a>&nbsp;&nbsp;&nbsp;timetick
<LI><a href="#[dc]">&gt;&gt;</a>&nbsp;&nbsp;&nbsp;show
<LI><a href="#[dd]">&gt;&gt;</a>&nbsp;&nbsp;&nbsp;keypress
</UL>

<P><STRONG><a name="[dd]"></a>keypress</STRONG> (Thumb, 80 bytes, Stack size 0 bytes, menu_4_4_exportdata.o(i.keypress))
<BR><BR>[Calls]<UL><LI><a href="#[514]">&gt;&gt;</a>&nbsp;&nbsp;&nbsp;USB_Disk_RunStatus
<LI><a href="#[4af]">&gt;&gt;</a>&nbsp;&nbsp;&nbsp;dis_pro
<LI><a href="#[248]">&gt;&gt;</a>&nbsp;&nbsp;&nbsp;gb_usb_out
</UL>
<BR>[Address Reference Count : 1]<UL><LI> menu_4_4_exportdata.o(.data)
</UL>
<P><STRONG><a name="[df]"></a>msg</STRONG> (Thumb, 2 bytes, Stack size 0 bytes, menu_4_4_exportdata.o(i.msg))
<BR>[Address Reference Count : 1]<UL><LI> menu_4_4_exportdata.o(.data)
</UL>
<P><STRONG><a name="[dc]"></a>show</STRONG> (Thumb, 26 bytes, Stack size 0 bytes, menu_4_4_exportdata.o(i.show))
<BR><BR>[Calls]<UL><LI><a href="#[2b8]">&gt;&gt;</a>&nbsp;&nbsp;&nbsp;rt_tick_get
<LI><a href="#[4af]">&gt;&gt;</a>&nbsp;&nbsp;&nbsp;dis_pro
</UL>
<BR>[Address Reference Count : 1]<UL><LI> menu_4_4_exportdata.o(.data)
</UL>
<P><STRONG><a name="[de]"></a>timetick</STRONG> (Thumb, 58 bytes, Stack size 0 bytes, menu_4_4_exportdata.o(i.timetick))
<BR><BR>[Calls]<UL><LI><a href="#[4af]">&gt;&gt;</a>&nbsp;&nbsp;&nbsp;dis_pro
</UL>
<BR>[Address Reference Count : 1]<UL><LI> menu_4_4_exportdata.o(.data)
</UL>
<P><STRONG><a name="[4bd]"></a>disp_record_15h</STRONG> (Thumb, 190 bytes, Stack size 0 bytes, menu_4_7_speedlog.o(i.disp_record_15h))
<BR><BR>[Calls]<UL><LI><a href="#[2c0]">&gt;&gt;</a>&nbsp;&nbsp;&nbsp;lcd_update_all
<LI><a href="#[2be]">&gt;&gt;</a>&nbsp;&nbsp;&nbsp;lcd_text12
<LI><a href="#[2bd]">&gt;&gt;</a>&nbsp;&nbsp;&nbsp;lcd_fill
<LI><a href="#[281]">&gt;&gt;</a>&nbsp;&nbsp;&nbsp;strlen
<LI><a href="#[310]">&gt;&gt;</a>&nbsp;&nbsp;&nbsp;gb_vdr_get_15h
<LI><a href="#[2b9]">&gt;&gt;</a>&nbsp;&nbsp;&nbsp;__2sprintf
</UL>
<BR>[Called By]<UL><LI><a href="#[e0]">&gt;&gt;</a>&nbsp;&nbsp;&nbsp;show
<LI><a href="#[e1]">&gt;&gt;</a>&nbsp;&nbsp;&nbsp;keypress
</UL>

<P><STRONG><a name="[e1]"></a>keypress</STRONG> (Thumb, 96 bytes, Stack size 0 bytes, menu_4_7_speedlog.o(i.keypress))
<BR><BR>[Calls]<UL><LI><a href="#[4bd]">&gt;&gt;</a>&nbsp;&nbsp;&nbsp;disp_record_15h
</UL>
<BR>[Address Reference Count : 1]<UL><LI> menu_4_7_speedlog.o(.data)
</UL>
<P><STRONG><a name="[e3]"></a>msg</STRONG> (Thumb, 2 bytes, Stack size 0 bytes, menu_4_7_speedlog.o(i.msg))
<BR>[Address Reference Count : 1]<UL><LI> menu_4_7_speedlog.o(.data)
</UL>
<P><STRONG><a name="[e0]"></a>show</STRONG> (Thumb, 66 bytes, Stack size 0 bytes, menu_4_7_speedlog.o(i.show))
<BR><BR>[Calls]<UL><LI><a href="#[2c0]">&gt;&gt;</a>&nbsp;&nbsp;&nbsp;lcd_update_all
<LI><a href="#[2be]">&gt;&gt;</a>&nbsp;&nbsp;&nbsp;lcd_text12
<LI><a href="#[2bd]">&gt;&gt;</a>&nbsp;&nbsp;&nbsp;lcd_fill
<LI><a href="#[4bd]">&gt;&gt;</a>&nbsp;&nbsp;&nbsp;disp_record_15h
</UL>
<BR>[Address Reference Count : 1]<UL><LI> menu_4_7_speedlog.o(.data)
</UL>
<P><STRONG><a name="[e2]"></a>timetick</STRONG> (Thumb, 32 bytes, Stack size 0 bytes, menu_4_7_speedlog.o(i.timetick))
<BR>[Address Reference Count : 1]<UL><LI> menu_4_7_speedlog.o(.data)
</UL>
<P><STRONG><a name="[e5]"></a>keypress</STRONG> (Thumb, 86 bytes, Stack size 0 bytes, menu_4_recorder.o(i.keypress))
<BR><BR>[Calls]<UL><LI><a href="#[579]">&gt;&gt;</a>&nbsp;&nbsp;&nbsp;menuswitch
</UL>
<BR>[Address Reference Count : 1]<UL><LI> menu_4_recorder.o(.data)
</UL>
<P><STRONG><a name="[579]"></a>menuswitch</STRONG> (Thumb, 124 bytes, Stack size 0 bytes, menu_4_recorder.o(i.menuswitch))
<BR><BR>[Calls]<UL><LI><a href="#[2c0]">&gt;&gt;</a>&nbsp;&nbsp;&nbsp;lcd_update_all
<LI><a href="#[2be]">&gt;&gt;</a>&nbsp;&nbsp;&nbsp;lcd_text12
<LI><a href="#[2bd]">&gt;&gt;</a>&nbsp;&nbsp;&nbsp;lcd_fill
<LI><a href="#[2bf]">&gt;&gt;</a>&nbsp;&nbsp;&nbsp;lcd_bitmap
</UL>
<BR>[Called By]<UL><LI><a href="#[e4]">&gt;&gt;</a>&nbsp;&nbsp;&nbsp;show
<LI><a href="#[e5]">&gt;&gt;</a>&nbsp;&nbsp;&nbsp;keypress
</UL>

<P><STRONG><a name="[e6]"></a>msg</STRONG> (Thumb, 2 bytes, Stack size 0 bytes, menu_4_recorder.o(i.msg))
<BR>[Address Reference Count : 1]<UL><LI> menu_4_recorder.o(.data)
</UL>
<P><STRONG><a name="[e4]"></a>show</STRONG> (Thumb, 48 bytes, Stack size 0 bytes, menu_4_recorder.o(i.show))
<BR><BR>[Calls]<UL><LI><a href="#[2b8]">&gt;&gt;</a>&nbsp;&nbsp;&nbsp;rt_tick_get
<LI><a href="#[579]">&gt;&gt;</a>&nbsp;&nbsp;&nbsp;menuswitch
</UL>
<BR>[Address Reference Count : 1]<UL><LI> menu_4_recorder.o(.data)
</UL>
<P><STRONG><a name="[36a]"></a>Send_gb_vdr_08to15_stuff</STRONG> (Thumb, 1164 bytes, Stack size 0 bytes, jt808_gb19056.o(i.Send_gb_vdr_08to15_stuff))
<BR><BR>[Calls]<UL><LI><a href="#[27b]">&gt;&gt;</a>&nbsp;&nbsp;&nbsp;rt_sem_take
<LI><a href="#[27f]">&gt;&gt;</a>&nbsp;&nbsp;&nbsp;rt_sem_release
<LI><a href="#[36c]">&gt;&gt;</a>&nbsp;&nbsp;&nbsp;fcs_caulate
<LI><a href="#[36b]">&gt;&gt;</a>&nbsp;&nbsp;&nbsp;stuff_drvData
</UL>
<BR>[Called By]<UL><LI><a href="#[371]">&gt;&gt;</a>&nbsp;&nbsp;&nbsp;Send_gb_vdr_tx_data
</UL>

<P><STRONG><a name="[156]"></a>Send_gb_vdr_jt808_0x0700_response</STRONG> (Thumb, 220 bytes, Stack size 0 bytes, jt808_gb19056.o(i.Send_gb_vdr_jt808_0x0700_response))
<BR><BR>[Calls]<UL><LI><a href="#[2ac]">&gt;&gt;</a>&nbsp;&nbsp;&nbsp;debug_write
<LI><a href="#[2aa]">&gt;&gt;</a>&nbsp;&nbsp;&nbsp;buf_to_data
<LI><a href="#[372]">&gt;&gt;</a>&nbsp;&nbsp;&nbsp;jt808_tx_0x0001
<LI><a href="#[299]">&gt;&gt;</a>&nbsp;&nbsp;&nbsp;rt_kprintf
<LI><a href="#[252]">&gt;&gt;</a>&nbsp;&nbsp;&nbsp;__aeabi_memclr
<LI><a href="#[36e]">&gt;&gt;</a>&nbsp;&nbsp;&nbsp;Send_gb_vdr_variable_init
<LI><a href="#[371]">&gt;&gt;</a>&nbsp;&nbsp;&nbsp;Send_gb_vdr_tx_data
</UL>
<BR>[Address Reference Count : 1]<UL><LI> jt808_gb19056.o(i.Send_gb_vdr_jt808_0x0700_creat)
</UL>
<P><STRONG><a name="[157]"></a>Send_gb_vdr_jt808_timeout</STRONG> (Thumb, 50 bytes, Stack size 0 bytes, jt808_gb19056.o(i.Send_gb_vdr_jt808_timeout))
<BR><BR>[Calls]<UL><LI><a href="#[299]">&gt;&gt;</a>&nbsp;&nbsp;&nbsp;rt_kprintf
<LI><a href="#[36e]">&gt;&gt;</a>&nbsp;&nbsp;&nbsp;Send_gb_vdr_variable_init
<LI><a href="#[371]">&gt;&gt;</a>&nbsp;&nbsp;&nbsp;Send_gb_vdr_tx_data
</UL>
<BR>[Address Reference Count : 1]<UL><LI> jt808_gb19056.o(i.Send_gb_vdr_jt808_0x0700_creat)
</UL>
<P><STRONG><a name="[371]"></a>Send_gb_vdr_tx_data</STRONG> (Thumb, 220 bytes, Stack size 0 bytes, jt808_gb19056.o(i.Send_gb_vdr_tx_data))
<BR><BR>[Calls]<UL><LI><a href="#[27b]">&gt;&gt;</a>&nbsp;&nbsp;&nbsp;rt_sem_take
<LI><a href="#[27f]">&gt;&gt;</a>&nbsp;&nbsp;&nbsp;rt_sem_release
<LI><a href="#[299]">&gt;&gt;</a>&nbsp;&nbsp;&nbsp;rt_kprintf
<LI><a href="#[36a]">&gt;&gt;</a>&nbsp;&nbsp;&nbsp;Send_gb_vdr_08to15_stuff
</UL>
<BR>[Called By]<UL><LI><a href="#[36f]">&gt;&gt;</a>&nbsp;&nbsp;&nbsp;Send_gb_vdr_jt808_0x0700_creat
<LI><a href="#[157]">&gt;&gt;</a>&nbsp;&nbsp;&nbsp;Send_gb_vdr_jt808_timeout
<LI><a href="#[156]">&gt;&gt;</a>&nbsp;&nbsp;&nbsp;Send_gb_vdr_jt808_0x0700_response
</UL>

<P><STRONG><a name="[36e]"></a>Send_gb_vdr_variable_init</STRONG> (Thumb, 22 bytes, Stack size 0 bytes, jt808_gb19056.o(i.Send_gb_vdr_variable_init))
<BR><BR>[Called By]<UL><LI><a href="#[370]">&gt;&gt;</a>&nbsp;&nbsp;&nbsp;Send_gb_vdr_Rx_8701_ack
<LI><a href="#[36d]">&gt;&gt;</a>&nbsp;&nbsp;&nbsp;Send_gb_vdr_Rx_8700_ack
<LI><a href="#[157]">&gt;&gt;</a>&nbsp;&nbsp;&nbsp;Send_gb_vdr_jt808_timeout
<LI><a href="#[156]">&gt;&gt;</a>&nbsp;&nbsp;&nbsp;Send_gb_vdr_jt808_0x0700_response
</UL>

<P><STRONG><a name="[36c]"></a>fcs_caulate</STRONG> (Thumb, 24 bytes, Stack size 0 bytes, jt808_gb19056.o(i.fcs_caulate))
<BR><BR>[Called By]<UL><LI><a href="#[370]">&gt;&gt;</a>&nbsp;&nbsp;&nbsp;Send_gb_vdr_Rx_8701_ack
<LI><a href="#[36d]">&gt;&gt;</a>&nbsp;&nbsp;&nbsp;Send_gb_vdr_Rx_8700_ack
<LI><a href="#[36a]">&gt;&gt;</a>&nbsp;&nbsp;&nbsp;Send_gb_vdr_08to15_stuff
</UL>

<P><STRONG><a name="[3fe]"></a>_fp_digits</STRONG> (Thumb, 334 bytes, Stack size 0 bytes, printfa.o(i._fp_digits), UNUSED)
<BR><BR>[Calls]<UL><LI><a href="#[263]">&gt;&gt;</a>&nbsp;&nbsp;&nbsp;__aeabi_dmul
<LI><a href="#[264]">&gt;&gt;</a>&nbsp;&nbsp;&nbsp;__aeabi_ddiv
<LI><a href="#[25c]">&gt;&gt;</a>&nbsp;&nbsp;&nbsp;__aeabi_dadd
<LI><a href="#[275]">&gt;&gt;</a>&nbsp;&nbsp;&nbsp;__aeabi_cdrcmple
<LI><a href="#[250]">&gt;&gt;</a>&nbsp;&nbsp;&nbsp;__aeabi_uldivmod
<LI><a href="#[26d]">&gt;&gt;</a>&nbsp;&nbsp;&nbsp;__aeabi_d2ulz
</UL>
<BR>[Called By]<UL><LI><a href="#[3f3]">&gt;&gt;</a>&nbsp;&nbsp;&nbsp;_printf_core
</UL>

<P><STRONG><a name="[3f3]"></a>_printf_core</STRONG> (Thumb, 1744 bytes, Stack size 0 bytes, printfa.o(i._printf_core), UNUSED)
<BR><BR>[Calls]<UL><LI><a href="#[250]">&gt;&gt;</a>&nbsp;&nbsp;&nbsp;__aeabi_uldivmod
<LI><a href="#[40d]">&gt;&gt;</a>&nbsp;&nbsp;&nbsp;__aeabi_uidivmod
<LI><a href="#[40b]">&gt;&gt;</a>&nbsp;&nbsp;&nbsp;_printf_pre_padding
<LI><a href="#[40c]">&gt;&gt;</a>&nbsp;&nbsp;&nbsp;_printf_post_padding
<LI><a href="#[3fe]">&gt;&gt;</a>&nbsp;&nbsp;&nbsp;_fp_digits
</UL>
<BR>[Called By]<UL><LI><a href="#[3f2]">&gt;&gt;</a>&nbsp;&nbsp;&nbsp;__0sprintf
</UL>

<P><STRONG><a name="[40c]"></a>_printf_post_padding</STRONG> (Thumb, 36 bytes, Stack size 0 bytes, printfa.o(i._printf_post_padding), UNUSED)
<BR><BR>[Called By]<UL><LI><a href="#[3f3]">&gt;&gt;</a>&nbsp;&nbsp;&nbsp;_printf_core
</UL>

<P><STRONG><a name="[40b]"></a>_printf_pre_padding</STRONG> (Thumb, 46 bytes, Stack size 0 bytes, printfa.o(i._printf_pre_padding), UNUSED)
<BR><BR>[Called By]<UL><LI><a href="#[3f3]">&gt;&gt;</a>&nbsp;&nbsp;&nbsp;_printf_core
</UL>

<P><STRONG><a name="[15e]"></a>_sputc</STRONG> (Thumb, 10 bytes, Stack size 0 bytes, printfa.o(i._sputc))
<BR><BR>[Called By]<UL><LI><a href="#[3f2]">&gt;&gt;</a>&nbsp;&nbsp;&nbsp;__0sprintf
</UL>
<BR>[Address Reference Count : 1]<UL><LI> printfa.o(i.__0sprintf)
</UL>
<P><STRONG><a name="[147]"></a>_scanf_char_input</STRONG> (Thumb, 12 bytes, Stack size 0 bytes, scanf_char.o(.text))
<BR>[Address Reference Count : 1]<UL><LI> scanf_char.o(.text)
</UL><P>
<H3>
Undefined Global Symbols
</H3><HR></body></html>
